<?xml version="1.0" encoding="utf-8"?>
<Map xmlns:xsd="http://www.w3.org/2001/XMLSchema" xmlns:xsi="http://www.w3.org/2001/XMLSchema-instance">
  <Environment>
    <Gravity>16</Gravity>
    <SkyTrubidity>8</SkyTrubidity>
    <SunPosition X="2" Y="1" Z="1" />
    <SunIntensity>10</SunIntensity>
    <FogDensity>0.001</FogDensity>
    <CharacterHeight>2</CharacterHeight>
    <CharacterSize>1.2</CharacterSize>
    <WalkableSlope>45</WalkableSlope>
    <StepHeight>45</StepHeight>
    <RecastCellHeight>0.25</RecastCellHeight>
    <RecastCellSize>0.25</RecastCellSize>
    <IrradianceVolume>
      <Minimum X="-64" Y="-32" Z="-64" />
      <Maximum X="64" Y="32" Z="64" />
    </IrradianceVolume>
    <AmbientLevel Red="0.44" Green="0.48" Blue="0.5" Alpha="0" />
  </Environment>
  <Nodes>
    <MapNode xsi:type="MapModel">
      <Visible>true</Visible>
      <Frozen>true</Frozen>
      <Position X="0" Y="0" Z="0" />
      <Rotation X="0" Y="0" Z="0" W="1" />
      <Scaling>1</Scaling>
      <ScenePath>scenes\q3t5.fbx</ScenePath>
      <Scale>1</Scale>
      <Color Red="10" Green="10" Blue="10" Alpha="1" />
    </MapNode>
    <MapNode xsi:type="MapEntity">
      <Visible>true</Visible>
      <Frozen>false</Frozen>
      <Position X="-14.5" Y="3.75" Z="-13.125" />
      <Rotation X="0" Y="-0.9238795" Z="0" W="0.382683426" />
      <Scaling>1</Scaling>
      <Factory xsi:type="StartPointFactory">
        <StartPointType>SinglePlayer</StartPointType>
      </Factory>
    </MapNode>
    <MapNode xsi:type="MapEntity">
      <Visible>true</Visible>
      <Frozen>false</Frozen>
      <Position X="-15.5" Y="3.75" Z="-0.125" />
      <Rotation X="0" Y="0" Z="0" W="1" />
      <Scaling>1</Scaling>
      <Factory xsi:type="StartPointFactory">
        <StartPointType>SinglePlayer</StartPointType>
      </Factory>
    </MapNode>
    <MapNode xsi:type="MapEntity">
      <Visible>true</Visible>
      <Frozen>false</Frozen>
      <Position X="8.5" Y="3.75" Z="14.875" />
      <Rotation X="0" Y="0" Z="0" W="1" />
      <Scaling>1</Scaling>
      <Factory xsi:type="StartPointFactory">
        <StartPointType>SinglePlayer</StartPointType>
      </Factory>
    </MapNode>
    <MapNode xsi:type="MapEntity">
      <Visible>true</Visible>
      <Frozen>false</Frozen>
      <Position X="20" Y="3.75" Z="-18" />
      <Rotation X="0" Y="0.9238795" Z="0" W="0.382683426" />
      <Scaling>1</Scaling>
      <Factory xsi:type="StartPointFactory">
        <StartPointType>SinglePlayer</StartPointType>
      </Factory>
    </MapNode>
    <MapNode xsi:type="MapEntity">
      <Visible>true</Visible>
      <Frozen>false</Frozen>
      <Position X="0.125" Y="1.25" Z="-1.375" />
      <Rotation X="0.0627342463" Y="-0.01698214" Z="0.963864267" W="0.258344173" />
      <Scaling>1</Scaling>
      <Factory xsi:type="ProxyFactory">
        <Classname>box</Classname>
      </Factory>
    </MapNode>
    <MapNode xsi:type="MapEntity">
      <Visible>true</Visible>
      <Frozen>false</Frozen>
      <Position X="-0" Y="1.25" Z="-0.625" />
      <Rotation X="0.02759305" Y="0.202621713" Z="0.944108844" W="0.258537531" />
      <Scaling>1</Scaling>
      <Factory xsi:type="ProxyFactory">
        <Classname>box</Classname>
      </Factory>
    </MapNode>
    <MapNode xsi:type="MapEntity">
      <Visible>true</Visible>
      <Frozen>false</Frozen>
      <Position X="-0" Y="1.25" Z="0.125" />
      <Rotation X="0.0228768643" Y="0.100480549" Z="0.9606125" W="0.2580774" />
      <Scaling>1</Scaling>
      <Factory xsi:type="ProxyFactory">
        <Classname>box</Classname>
      </Factory>
    </MapNode>
    <MapNode xsi:type="MapEntity">
      <Visible>true</Visible>
      <Frozen>false</Frozen>
      <Position X="5.662331" Y="4.57323456" Z="-13.2766457" />
      <Rotation X="-0.431070983" Y="0.430184215" Z="-0.5614252" W="0.5602865" />
      <Scaling>1</Scaling>
      <Factory xsi:type="ProxyFactory">
        <Classname>box</Classname>
      </Factory>
    </MapNode>
    <MapNode xsi:type="MapEntity">
      <Visible>true</Visible>
      <Frozen>false</Frozen>
      <Position X="0" Y="1.75" Z="-1.375" />
      <Rotation X="0.0667595938" Y="-0.0184627045" Z="0.963534" W="0.258465737" />
      <Scaling>1</Scaling>
      <Factory xsi:type="ProxyFactory">
        <Classname>box</Classname>
      </Factory>
    </MapNode>
    <MapNode xsi:type="MapEntity">
      <Visible>true</Visible>
      <Frozen>false</Frozen>
      <Position X="-0" Y="1.75" Z="-0.5" />
      <Rotation X="0.029131081" Y="0.204637811" Z="0.9436282" W="0.258535415" />
      <Scaling>1</Scaling>
      <Factory xsi:type="ProxyFactory">
        <Classname>box</Classname>
      </Factory>
    </MapNode>
    <MapNode xsi:type="MapEntity">
      <Visible>true</Visible>
      <Frozen>false</Frozen>
      <Position X="-0" Y="1.75" Z="0.25" />
      <Rotation X="0.10758891" Y="-0.0437829643" Z="-0.00599330151" W="0.9932128" />
      <Scaling>1</Scaling>
      <Factory xsi:type="ProxyFactory">
        <Classname>box</Classname>
      </Factory>
    </MapNode>
    <MapNode xsi:type="MapEntity">
      <Visible>true</Visible>
      <Frozen>false</Frozen>
      <Position X="0.124946684" Y="1.25065219" Z="1.74997151" />
      <Rotation X="0.7015107" Y="0.08727932" Z="-0.08872547" W="0.701707065" />
      <Scaling>1</Scaling>
      <Factory xsi:type="ProxyFactory">
        <Classname>box</Classname>
      </Factory>
    </MapNode>
    <MapNode xsi:type="MapEntity">
      <Visible>true</Visible>
      <Frozen>false</Frozen>
      <Position X="6.122196" Y="1.24018192" Z="-2.26070547" />
      <Rotation X="0.178667441" Y="-0.00207518134" Z="0.9839073" W="0.000366502034" />
      <Scaling>1</Scaling>
      <Factory xsi:type="ProxyFactory">
        <Classname>box</Classname>
      </Factory>
    </MapNode>
    <MapNode xsi:type="MapEntity">
      <Visible>true</Visible>
      <Frozen>false</Frozen>
      <Position X="-0" Y="2.25" Z="-0.25" />
      <Rotation X="0.0341281667" Y="0.203035638" Z="0.943554163" W="0.259455651" />
      <Scaling>1</Scaling>
      <Factory xsi:type="ProxyFactory">
        <Classname>box</Classname>
      </Factory>
    </MapNode>
    <MapNode xsi:type="MapEntity">
      <Visible>true</Visible>
      <Frozen>false</Frozen>
      <Position X="-0.125" Y="2.25" Z="0.375" />
      <Rotation X="0.109110564" Y="0.04681916" Z="0.003488565" W="0.9929203" />
      <Scaling>1</Scaling>
      <Factory xsi:type="ProxyFactory">
        <Classname>box</Classname>
      </Factory>
    </MapNode>
    <MapNode xsi:type="MapEntity">
      <Visible>true</Visible>
      <Frozen>false</Frozen>
      <Position X="0.249999911" Y="1.25070333" Z="2.49999976" />
      <Rotation X="0.5866311" Y="0.39479816" Z="-0.3947975" W="0.5866287" />
      <Scaling>1</Scaling>
      <Factory xsi:type="ProxyFactory">
        <Classname>box</Classname>
      </Factory>
    </MapNode>
    <MapNode xsi:type="MapEntity">
      <Visible>true</Visible>
      <Frozen>false</Frozen>
      <Position X="0.875" Y="1.25" Z="-1.375" />
      <Rotation X="-0.003225802" Y="0.000536178937" Z="0.965955555" W="0.2586873" />
      <Scaling>1</Scaling>
      <Factory xsi:type="ProxyFactory">
        <Classname>box</Classname>
      </Factory>
    </MapNode>
    <MapNode xsi:type="MapEntity">
      <Visible>true</Visible>
      <Frozen>false</Frozen>
      <Position X="0.75" Y="1.25" Z="-0.875" />
      <Rotation X="-0.0352801159" Y="-0.00194038358" Z="0.9652429" W="0.2589549" />
      <Scaling>1</Scaling>
      <Factory xsi:type="ProxyFactory">
        <Classname>box</Classname>
      </Factory>
    </MapNode>
    <MapNode xsi:type="MapEntity">
      <Visible>true</Visible>
      <Frozen>false</Frozen>
      <Position X="0.75" Y="1.25" Z="0" />
      <Rotation X="-0.1455725" Y="0.03804457" Z="0.954830468" W="0.256242037" />
      <Scaling>1</Scaling>
      <Factory xsi:type="ProxyFactory">
        <Classname>box</Classname>
      </Factory>
    </MapNode>
    <MapNode xsi:type="MapEntity">
      <Visible>true</Visible>
      <Frozen>false</Frozen>
      <Position X="0.8749176" Y="1.25048208" Z="1.25005615" />
      <Rotation X="0.7048519" Y="0.04276342" Z="-0.0435727" W="0.7067223" />
      <Scaling>1</Scaling>
      <Factory xsi:type="ProxyFactory">
        <Classname>box</Classname>
      </Factory>
    </MapNode>
    <MapNode xsi:type="MapEntity">
      <Visible>true</Visible>
      <Frozen>false</Frozen>
      <Position X="0.875" Y="1.75" Z="-1.375" />
      <Rotation X="0.00160132756" Y="-0.00210595736" Z="0.9660352" W="0.258396924" />
      <Scaling>1</Scaling>
      <Factory xsi:type="ProxyFactory">
        <Classname>box</Classname>
      </Factory>
    </MapNode>
    <MapNode xsi:type="MapEntity">
      <Visible>true</Visible>
      <Frozen>false</Frozen>
      <Position X="0.875" Y="1.75" Z="-0.125" />
      <Rotation X="0.1143208" Y="0.695802" Z="0.6633693" W="0.2504625" />
      <Scaling>1</Scaling>
      <Factory xsi:type="ProxyFactory">
        <Classname>box</Classname>
      </Factory>
    </MapNode>
    <MapNode xsi:type="MapEntity">
      <Visible>true</Visible>
      <Frozen>false</Frozen>
      <Position X="0.9999752" Y="1.25037324" Z="0.500050366" />
      <Rotation X="0.7005234" Y="0.0949314" Z="-0.09558115" W="0.700799048" />
      <Scaling>1</Scaling>
      <Factory xsi:type="ProxyFactory">
        <Classname>box</Classname>
      </Factory>
    </MapNode>
    <MapNode xsi:type="MapEntity">
      <Visible>true</Visible>
      <Frozen>false</Frozen>
      <Position X="0.8750156" Y="1.25065291" Z="1.75000119" />
      <Rotation X="0.7060842" Y="0.03982592" Z="-0.0374658965" W="0.7060137" />
      <Scaling>1</Scaling>
      <Factory xsi:type="ProxyFactory">
        <Classname>box</Classname>
      </Factory>
    </MapNode>
    <MapNode xsi:type="MapEntity">
      <Visible>true</Visible>
      <Frozen>false</Frozen>
      <Position X="-4" Y="2.25" Z="-5.125" />
      <Rotation X="-0.00164365931" Y="-0.003430177" Z="0.000408329623" W="0.999992669" />
      <Scaling>1</Scaling>
      <Factory xsi:type="ProxyFactory">
        <Classname>box</Classname>
      </Factory>
    </MapNode>
    <MapNode xsi:type="MapEntity">
      <Visible>true</Visible>
      <Frozen>false</Frozen>
      <Position X="0.999994159" Y="1.75073862" Z="0.375030667" />
      <Rotation X="0.704459846" Y="0.06707161" Z="-0.0688684657" W="0.7032032" />
      <Scaling>1</Scaling>
      <Factory xsi:type="ProxyFactory">
        <Classname>box</Classname>
      </Factory>
    </MapNode>
    <MapNode xsi:type="MapEntity">
      <Visible>true</Visible>
      <Frozen>false</Frozen>
      <Position X="1.124972" Y="1.75070727" Z="1.12498724" />
      <Rotation X="-0.01215805" Y="-0.0381377041" Z="0.000279105734" W="0.9991985" />
      <Scaling>1</Scaling>
      <Factory xsi:type="ProxyFactory">
        <Classname>box</Classname>
      </Factory>
    </MapNode>
    <MapNode xsi:type="MapEntity">
      <Visible>true</Visible>
      <Frozen>false</Frozen>
      <Position X="1.74996507" Y="1.25069129" Z="2.49995613" />
      <Rotation X="-0.0696363" Y="-0.703326941" Z="-0.7040189" W="0.06956476" />
      <Scaling>1</Scaling>
      <Factory xsi:type="ProxyFactory">
        <Classname>box</Classname>
      </Factory>
    </MapNode>
    <MapNode xsi:type="MapEntity">
      <Visible>true</Visible>
      <Frozen>false</Frozen>
      <Position X="1.75" Y="0.875" Z="-2.5" />
      <Rotation X="1.87313617E-05" Y="-0.00315610785" Z="6.686941E-05" W="0.999995" />
      <Scaling>1</Scaling>
      <Factory xsi:type="ProxyFactory">
        <Classname>box</Classname>
      </Factory>
    </MapNode>
    <MapNode xsi:type="MapEntity">
      <Visible>true</Visible>
      <Frozen>false</Frozen>
      <Position X="1.75" Y="1.25" Z="-0.75" />
      <Rotation X="-0.000189352329" Y="0.05110059" Z="2.79850774E-05" W="0.998693466" />
      <Scaling>1</Scaling>
      <Factory xsi:type="ProxyFactory">
        <Classname>box</Classname>
      </Factory>
    </MapNode>
    <MapNode xsi:type="MapEntity">
      <Visible>true</Visible>
      <Frozen>false</Frozen>
      <Position X="1.74990177" Y="1.25031018" Z="0.124942027" />
      <Rotation X="0.0007464813" Y="0.0315482467" Z="-0.00112932373" W="0.9995013" />
      <Scaling>1</Scaling>
      <Factory xsi:type="ProxyFactory">
        <Classname>box</Classname>
      </Factory>
    </MapNode>
    <MapNode xsi:type="MapEntity">
      <Visible>true</Visible>
      <Frozen>false</Frozen>
      <Position X="1.87503135" Y="1.24994528" Z="1.24977183" />
      <Rotation X="0.6888794" Y="0.157533571" Z="-0.157179385" W="0.6898717" />
      <Scaling>1</Scaling>
      <Factory xsi:type="ProxyFactory">
        <Classname>box</Classname>
      </Factory>
    </MapNode>
    <MapNode xsi:type="MapEntity">
      <Visible>true</Visible>
      <Frozen>false</Frozen>
      <Position X="1.75" Y="1.75" Z="-1.375" />
      <Rotation X="0.000154303052" Y="-0.00181404362" Z="0.000142856137" W="0.999998331" />
      <Scaling>1</Scaling>
      <Factory xsi:type="ProxyFactory">
        <Classname>box</Classname>
      </Factory>
    </MapNode>
    <MapNode xsi:type="MapEntity">
      <Visible>true</Visible>
      <Frozen>false</Frozen>
      <Position X="1.75" Y="1.75" Z="-0.75" />
      <Rotation X="-0.00020575698" Y="0.04868064" Z="3.03815286E-05" W="0.998814344" />
      <Scaling>1</Scaling>
      <Factory xsi:type="ProxyFactory">
        <Classname>box</Classname>
      </Factory>
    </MapNode>
    <MapNode xsi:type="MapEntity">
      <Visible>true</Visible>
      <Frozen>false</Frozen>
      <Position X="1.750054" Y="1.75051737" Z="0.125023484" />
      <Rotation X="0.00159702054" Y="0.110865757" Z="-0.00269304728" W="0.993830442" />
      <Scaling>1</Scaling>
      <Factory xsi:type="ProxyFactory">
        <Classname>box</Classname>
      </Factory>
    </MapNode>
    <MapNode xsi:type="MapEntity">
      <Visible>true</Visible>
      <Frozen>false</Frozen>
      <Position X="1.74980772" Y="1.37505829" Z="1.875336" />
      <Rotation X="0.6442657" Y="0.6467745" Z="0.2910189" W="0.286203653" />
      <Scaling>1</Scaling>
      <Factory xsi:type="ProxyFactory">
        <Classname>box</Classname>
      </Factory>
    </MapNode>
    <MapNode xsi:type="MapEntity">
      <Visible>true</Visible>
      <Frozen>false</Frozen>
      <Position X="1.75" Y="2.25" Z="-1.375" />
      <Rotation X="-0.0006540311" Y="0.000467455771" Z="0.965961754" W="0.258683443" />
      <Scaling>1</Scaling>
      <Factory xsi:type="ProxyFactory">
        <Classname>box</Classname>
      </Factory>
    </MapNode>
    <MapNode xsi:type="MapEntity">
      <Visible>true</Visible>
      <Frozen>false</Frozen>
      <Position X="1.75" Y="2.25" Z="-0.75" />
      <Rotation X="-0.000209093079" Y="0.0503508151" Z="3.86547435E-05" W="0.998731554" />
      <Scaling>1</Scaling>
      <Factory xsi:type="ProxyFactory">
        <Classname>box</Classname>
      </Factory>
    </MapNode>
    <MapNode xsi:type="MapEntity">
      <Visible>true</Visible>
      <Frozen>false</Frozen>
      <Position X="1.87505543" Y="2.25069451" Z="0.125038534" />
      <Rotation X="0.003187511" Y="0.380837858" Z="-0.00278249173" W="0.924632132" />
      <Scaling>1</Scaling>
      <Factory xsi:type="ProxyFactory">
        <Classname>box</Classname>
      </Factory>
    </MapNode>
    <MapNode xsi:type="MapEntity">
      <Visible>true</Visible>
      <Frozen>false</Frozen>
      <Position X="2.624959" Y="1.25065207" Z="1.999954" />
      <Rotation X="0.7066576" Y="-1.01565347E-05" Z="-0.707555652" W="4.86277131E-05" />
      <Scaling>1</Scaling>
      <Factory xsi:type="ProxyFactory">
        <Classname>box</Classname>
      </Factory>
    </MapNode>
    <MapNode xsi:type="MapSpotLight">
      <Visible>true</Visible>
      <Frozen>false</Frozen>
      <Position X="-17.875" Y="8.625" Z="2.375" />
      <Rotation X="-0.258819044" Y="0" Z="0" W="0.9659258" />
      <Scaling>1</Scaling>
      <Intensity>50</Intensity>
      <Radius>25</Radius>
      <NearPlane>0.125</NearPlane>
      <FarPlane>20</FarPlane>
      <FovVertical>60</FovVertical>
      <FovHorizontal>60</FovHorizontal>
      <SpotShape>Square</SpotShape>
      <LodBias>0</LodBias>
      <PenumbraAngle>10</PenumbraAngle>
      <LightPreset>FluorescentTubular</LightPreset>
      <LightStyle>Default</LightStyle>
      <DepthBias>0.0009765625</DepthBias>
      <SlopeBias>2</SlopeBias>
    </MapNode>
    <MapNode xsi:type="MapSpotLight">
      <Visible>true</Visible>
      <Frozen>false</Frozen>
      <Position X="65.75" Y="8" Z="3.625" />
      <Rotation X="1.131334E-08" Y="0.9659258" Z="0.258819044" W="-4.222196E-08" />
      <Scaling>1</Scaling>
      <Intensity>50</Intensity>
      <Radius>25</Radius>
      <NearPlane>0.125</NearPlane>
      <FarPlane>20</FarPlane>
      <FovVertical>60</FovVertical>
      <FovHorizontal>60</FovHorizontal>
      <SpotShape>Square</SpotShape>
      <LodBias>0</LodBias>
      <PenumbraAngle>10</PenumbraAngle>
      <LightPreset>FluorescentTubular</LightPreset>
      <LightStyle>Default</LightStyle>
      <DepthBias>0.0009765625</DepthBias>
      <SlopeBias>2</SlopeBias>
    </MapNode>
    <MapNode xsi:type="MapSpotLight">
      <Visible>true</Visible>
      <Frozen>false</Frozen>
      <Position X="69.75" Y="8" Z="1.5" />
      <Rotation X="0.183012709" Y="0.6830126" Z="0.183012679" W="-0.6830127" />
      <Scaling>1</Scaling>
      <Intensity>50</Intensity>
      <Radius>25</Radius>
      <NearPlane>0.125</NearPlane>
      <FarPlane>20</FarPlane>
      <FovVertical>60</FovVertical>
      <FovHorizontal>60</FovHorizontal>
      <SpotShape>Square</SpotShape>
      <LodBias>0</LodBias>
      <PenumbraAngle>10</PenumbraAngle>
      <LightPreset>FluorescentTubular</LightPreset>
      <LightStyle>Default</LightStyle>
      <DepthBias>0.0009765625</DepthBias>
      <SlopeBias>2</SlopeBias>
    </MapNode>
    <MapNode xsi:type="MapSpotLight">
      <Visible>true</Visible>
      <Frozen>false</Frozen>
      <Position X="65.75" Y="20" Z="-0.375" />
      <Rotation X="-0.5" Y="0.49999997" Z="0.49999997" W="0.499999851" />
      <Scaling>1</Scaling>
      <Intensity>50</Intensity>
      <Radius>100</Radius>
      <NearPlane>0.125</NearPlane>
      <FarPlane>30</FarPlane>
      <FovVertical>60</FovVertical>
      <FovHorizontal>60</FovHorizontal>
      <SpotShape>Square</SpotShape>
      <LodBias>0</LodBias>
      <PenumbraAngle>10</PenumbraAngle>
      <LightPreset>FluorescentTubular</LightPreset>
      <LightStyle>Default</LightStyle>
      <DepthBias>0.0009765625</DepthBias>
      <SlopeBias>2</SlopeBias>
    </MapNode>
    <MapNode xsi:type="MapSpotLight">
      <Visible>true</Visible>
      <Frozen>false</Frozen>
      <Position X="78.75" Y="12" Z="-9" />
      <Rotation X="-0.4176352" Y="-0.2175854" Z="-0.107339948" W="0.875623047" />
      <Scaling>1</Scaling>
      <Intensity>50</Intensity>
      <Radius>25</Radius>
      <NearPlane>0.125</NearPlane>
      <FarPlane>20</FarPlane>
      <FovVertical>60</FovVertical>
      <FovHorizontal>60</FovHorizontal>
      <SpotShape>Square</SpotShape>
      <LodBias>0</LodBias>
      <PenumbraAngle>10</PenumbraAngle>
      <LightPreset>FluorescentTubular</LightPreset>
      <LightStyle>Default</LightStyle>
      <DepthBias>0.0009765625</DepthBias>
      <SlopeBias>2</SlopeBias>
    </MapNode>
    <MapNode xsi:type="MapDecal">
      <Visible>true</Visible>
      <Frozen>false</Frozen>
      <Position X="14" Y="0" Z="0" />
      <Rotation X="-0.707106769" Y="0" Z="0" W="0.707106769" />
      <Scaling>1</Scaling>
      <ImageName>blood3</ImageName>
      <Width>2</Width>
      <Height>2</Height>
      <Depth>0.25</Depth>
      <Emission Red="0" Green="0" Blue="0" Alpha="0" />
      <BaseColor R="72" G="5" B="5" A="255" />
      <Roughness>0.02</Roughness>
      <Metallic>0.5</Metallic>
      <ColorFactor>1</ColorFactor>
      <SpecularFactor>1</SpecularFactor>
      <NormalMapFactor>1</NormalMapFactor>
      <FalloffFactor>10</FalloffFactor>
    </MapNode>
    <MapNode xsi:type="MapOmniLight">
      <Visible>true</Visible>
      <Frozen>false</Frozen>
      <Position X="-12.5" Y="0.5" Z="15.375" />
      <Rotation X="0" Y="0" Z="0" W="1" />
      <Scaling>1</Scaling>
      <Intensity>10</Intensity>
      <Radius>1.5</Radius>
      <LightPreset>IncandescentStandard</LightPreset>
      <LightStyle>Default</LightStyle>
    </MapNode>
    <MapNode xsi:type="MapOmniLight">
      <Visible>true</Visible>
      <Frozen>false</Frozen>
      <Position X="-12.5" Y="0.5" Z="13.375" />
      <Rotation X="0" Y="0" Z="0" W="1" />
      <Scaling>1</Scaling>
      <Intensity>10</Intensity>
      <Radius>1.5</Radius>
      <LightPreset>IncandescentStandard</LightPreset>
      <LightStyle>Default</LightStyle>
    </MapNode>
    <MapNode xsi:type="MapOmniLight">
      <Visible>true</Visible>
      <Frozen>false</Frozen>
      <Position X="-12.5" Y="0.5" Z="11.375" />
      <Rotation X="0" Y="0" Z="0" W="1" />
      <Scaling>1</Scaling>
      <Intensity>10</Intensity>
      <Radius>1.5</Radius>
      <LightPreset>IncandescentStandard</LightPreset>
      <LightStyle>Default</LightStyle>
    </MapNode>
    <MapNode xsi:type="MapOmniLight">
      <Visible>true</Visible>
      <Frozen>false</Frozen>
      <Position X="-12.5" Y="0.5" Z="9.375" />
      <Rotation X="0" Y="0" Z="0" W="1" />
      <Scaling>1</Scaling>
      <Intensity>10</Intensity>
      <Radius>1.5</Radius>
      <LightPreset>IncandescentStandard</LightPreset>
      <LightStyle>Default</LightStyle>
    </MapNode>
    <MapNode xsi:type="MapOmniLight">
      <Visible>true</Visible>
      <Frozen>false</Frozen>
      <Position X="-12.5" Y="0.5" Z="7.375" />
      <Rotation X="0" Y="0" Z="0" W="1" />
      <Scaling>1</Scaling>
      <Intensity>10</Intensity>
      <Radius>1.5</Radius>
      <LightPreset>IncandescentStandard</LightPreset>
      <LightStyle>Default</LightStyle>
    </MapNode>
    <MapNode xsi:type="MapOmniLight">
      <Visible>true</Visible>
      <Frozen>false</Frozen>
      <Position X="-12.5" Y="0.5" Z="5.375" />
      <Rotation X="0" Y="0" Z="0" W="1" />
      <Scaling>1</Scaling>
      <Intensity>10</Intensity>
      <Radius>1.5</Radius>
      <LightPreset>IncandescentStandard</LightPreset>
      <LightStyle>Default</LightStyle>
    </MapNode>
    <MapNode xsi:type="MapDecal">
      <Visible>true</Visible>
      <Frozen>false</Frozen>
      <Position X="-12" Y="0" Z="14.875" />
      <Rotation X="-0.707106769" Y="0" Z="0" W="0.707106769" />
      <Scaling>1</Scaling>
      <ImageName>blood3</ImageName>
      <Width>5</Width>
      <Height>5</Height>
      <Depth>0.25</Depth>
      <Emission Red="0" Green="0" Blue="0" Alpha="0" />
      <BaseColor R="128" G="5" B="5" A="255" />
      <Roughness>0.01</Roughness>
      <Metallic>0.5</Metallic>
      <ColorFactor>1</ColorFactor>
      <SpecularFactor>1</SpecularFactor>
      <NormalMapFactor>1</NormalMapFactor>
      <FalloffFactor>10</FalloffFactor>
    </MapNode>
    <MapNode xsi:type="MapDecal">
      <Visible>true</Visible>
      <Frozen>false</Frozen>
      <Position X="-12" Y="0" Z="9.875" />
      <Rotation X="-0.707106769" Y="0" Z="0" W="0.707106769" />
      <Scaling>1</Scaling>
      <ImageName>blood3</ImageName>
      <Width>5</Width>
      <Height>5</Height>
      <Depth>0.25</Depth>
      <Emission Red="0" Green="0" Blue="0" Alpha="0" />
      <BaseColor R="128" G="5" B="5" A="255" />
      <Roughness>0.01</Roughness>
      <Metallic>0.5</Metallic>
      <ColorFactor>1</ColorFactor>
      <SpecularFactor>1</SpecularFactor>
      <NormalMapFactor>1</NormalMapFactor>
      <FalloffFactor>10</FalloffFactor>
    </MapNode>
    <MapNode xsi:type="MapDecal">
      <Visible>true</Visible>
      <Frozen>false</Frozen>
      <Position X="-10.5" Y="0" Z="5.375" />
      <Rotation X="-0.707106769" Y="0" Z="0" W="0.707106769" />
      <Scaling>1</Scaling>
      <ImageName>blood3</ImageName>
      <Width>5</Width>
      <Height>5</Height>
      <Depth>0.25</Depth>
      <Emission Red="0" Green="0" Blue="0" Alpha="0" />
      <BaseColor R="128" G="5" B="5" A="255" />
      <Roughness>0.01</Roughness>
      <Metallic>0.5</Metallic>
      <ColorFactor>1</ColorFactor>
      <SpecularFactor>1</SpecularFactor>
      <NormalMapFactor>1</NormalMapFactor>
      <FalloffFactor>10</FalloffFactor>
    </MapNode>
    <MapNode xsi:type="MapEntity">
      <Visible>true</Visible>
      <Frozen>false</Frozen>
      <Position X="1.5" Y="9.5" Z="-1.625" />
      <Rotation X="0" Y="0" Z="0" W="1" />
      <Scaling>1</Scaling>
      <Factory xsi:type="FuncFXFactory">
        <FX>dust</FX>
        <FXMode>Persistent</FXMode>
        <Once>false</Once>
        <Start>true</Start>
        <MinInterval>1</MinInterval>
        <MaxInterval>1</MaxInterval>
      </Factory>
    </MapNode>
    <MapNode xsi:type="MapSpotLight">
      <Visible>true</Visible>
      <Frozen>false</Frozen>
      <Position X="59.875" Y="1.75" Z="19.5" />
      <Rotation X="0" Y="0" Z="0" W="1" />
      <Scaling>1</Scaling>
      <Intensity>500</Intensity>
      <Radius>25</Radius>
      <NearPlane>0.125</NearPlane>
      <FarPlane>25</FarPlane>
      <FovVertical>30</FovVertical>
      <FovHorizontal>30</FovHorizontal>
      <SpotShape>Square</SpotShape>
      <LodBias>0</LodBias>
      <PenumbraAngle>10</PenumbraAngle>
      <LightPreset>IncandescentStandard</LightPreset>
      <LightStyle>Default</LightStyle>
      <DepthBias>0.0009765625</DepthBias>
      <SlopeBias>2</SlopeBias>
    </MapNode>
    <MapNode xsi:type="MapDecal">
      <Visible>true</Visible>
      <Frozen>false</Frozen>
      <Position X="-3.875" Y="0" Z="7.125" />
      <Rotation X="-0.707106769" Y="0" Z="0" W="0.707106769" />
      <Scaling>1</Scaling>
      <ImageName>blood3</ImageName>
      <Width>5</Width>
      <Height>5</Height>
      <Depth>0.25</Depth>
      <Emission Red="0" Green="0" Blue="0" Alpha="0" />
      <BaseColor R="128" G="5" B="5" A="255" />
      <Roughness>0.01</Roughness>
      <Metallic>0.5</Metallic>
      <ColorFactor>1</ColorFactor>
      <SpecularFactor>1</SpecularFactor>
      <NormalMapFactor>1</NormalMapFactor>
      <FalloffFactor>10</FalloffFactor>
    </MapNode>
    <MapNode xsi:type="MapOmniLight">
      <Visible>true</Visible>
      <Frozen>false</Frozen>
      <Position X="4.875" Y="2.375" Z="6.375" />
      <Rotation X="0" Y="0" Z="0" W="1" />
      <Scaling>1</Scaling>
      <Intensity>10</Intensity>
      <Radius>3</Radius>
      <LightPreset>IncandescentStandard</LightPreset>
      <LightStyle>Default</LightStyle>
    </MapNode>
    <MapNode xsi:type="MapEntity">
      <Visible>true</Visible>
      <Frozen>false</Frozen>
      <Position X="4.25" Y="8.25" Z="-20.625" />
      <Rotation X="-0.7534455" Y="0.534654856" Z="0.221468762" W="0.312114745" />
      <Scaling>1</Scaling>
      <Factory xsi:type="ProxyFactory">
        <Classname>box</Classname>
      </Factory>
    </MapNode>
    <MapNode xsi:type="MapEntity">
      <Visible>true</Visible>
      <Frozen>false</Frozen>
      <Position X="3.76505375" Y="4.575875" Z="-13.277585" />
      <Rotation X="-0.43019" Y="0.431322366" Z="-0.5606138" W="0.5609008" />
      <Scaling>1</Scaling>
      <Factory xsi:type="ProxyFactory">
        <Classname>box</Classname>
      </Factory>
    </MapNode>
  </Nodes>
</Map>