<?xml version="1.0" encoding="utf-8"?>
<Map xmlns:xsd="http://www.w3.org/2001/XMLSchema" xmlns:xsi="http://www.w3.org/2001/XMLSchema-instance">
  <Environment>
    <Gravity>16</Gravity>
    <SkyTrubidity>3</SkyTrubidity>
    <SunPosition X="2" Y="8" Z="2" />
    <SunIntensity>40</SunIntensity>
    <FogDistance>5000</FogDistance>
    <FogHeight>-0.05</FogHeight>
    <FogColor Red="10" Green="15" Blue="17.5" Alpha="0" />
    <CharacterHeight>2</CharacterHeight>
    <CharacterSize>1.2</CharacterSize>
    <WalkableSlope>45</WalkableSlope>
    <StepHeight>45</StepHeight>
    <RecastCellHeight>0.25</RecastCellHeight>
    <RecastCellSize>0.25</RecastCellSize>
    <IrradianceVolume>
      <Minimum X="-64" Y="-32" Z="-64" />
      <Maximum X="64" Y="32" Z="64" />
    </IrradianceVolume>
    <AmbientLevel Red="15" Green="20" Blue="25" Alpha="0" />
  </Environment>
  <Nodes>
    <MapNode xsi:type="MapEntity">
      <Visible>true</Visible>
      <Frozen>false</Frozen>
      <Position X="22.5" Y="6" Z="13.5" />
      <Rotation X="0" Y="0" Z="0" W="1" />
      <Scaling>1</Scaling>
      <Factory xsi:type="NullFactory" />
    </MapNode>
    <MapNode xsi:type="MapModel">
      <Visible>true</Visible>
      <Frozen>false</Frozen>
      <Position X="22.5" Y="0" Z="11" />
      <Rotation X="0" Y="0" Z="0" W="1" />
      <Scaling>1</Scaling>
      <ScenePath>scenes\q3t5.fbx</ScenePath>
      <Scale>1</Scale>
      <Color Red="10" Green="10" Blue="10" Alpha="1" />
    </MapNode>
    <MapNode xsi:type="MapModel">
      <Visible>true</Visible>
      <Frozen>false</Frozen>
      <Position X="15.5" Y="5" Z="26" />
      <Rotation X="0.0669873" Y="0.25" Z="0.25" W="0.933012664" />
      <Scaling>4</Scaling>
      <ScenePath>scenes\box.fbx</ScenePath>
      <Scale>1</Scale>
      <Color Red="10" Green="10" Blue="10" Alpha="1" />
    </MapNode>
    <MapNode xsi:type="MapModel">
      <Visible>true</Visible>
      <Frozen>false</Frozen>
      <Position X="21" Y="5" Z="26" />
      <Rotation X="0.0669873" Y="0.25" Z="0.25" W="0.933012664" />
      <Scaling>4</Scaling>
      <ScenePath>scenes\box.fbx</ScenePath>
      <Scale>1</Scale>
      <Color Red="10" Green="10" Blue="10" Alpha="1" />
    </MapNode>
    <MapNode xsi:type="MapModel">
      <Visible>true</Visible>
      <Frozen>false</Frozen>
      <Position X="21" Y="11" Z="26" />
      <Rotation X="0.0669873" Y="0.25" Z="0.25" W="0.933012664" />
      <Scaling>4</Scaling>
      <ScenePath>scenes\box.fbx</ScenePath>
      <Scale>1</Scale>
      <Color Red="10" Green="10" Blue="10" Alpha="1" />
    </MapNode>
    <MapNode xsi:type="MapModel">
      <Visible>true</Visible>
      <Frozen>false</Frozen>
      <Position X="15.5" Y="11" Z="26" />
      <Rotation X="0.0669873" Y="0.25" Z="0.25" W="0.933012664" />
      <Scaling>4</Scaling>
      <ScenePath>scenes\box.fbx</ScenePath>
      <Scale>1</Scale>
      <Color Red="10" Green="10" Blue="10" Alpha="1" />
    </MapNode>
    <MapNode xsi:type="MapModel">
      <Visible>true</Visible>
      <Frozen>false</Frozen>
      <Position X="21" Y="11" Z="32.5" />
      <Rotation X="0.0669873" Y="0.25" Z="0.25" W="0.933012664" />
      <Scaling>4</Scaling>
      <ScenePath>scenes\box.fbx</ScenePath>
      <Scale>1</Scale>
      <Color Red="10" Green="10" Blue="10" Alpha="1" />
    </MapNode>
    <MapNode xsi:type="MapModel">
      <Visible>true</Visible>
      <Frozen>false</Frozen>
      <Position X="15.5" Y="11" Z="32.5" />
      <Rotation X="0.0669873" Y="0.25" Z="0.25" W="0.933012664" />
      <Scaling>4</Scaling>
      <ScenePath>scenes\box.fbx</ScenePath>
      <Scale>1</Scale>
      <Color Red="10" Green="10" Blue="10" Alpha="1" />
    </MapNode>
    <MapNode xsi:type="MapModel">
      <Visible>true</Visible>
      <Frozen>false</Frozen>
      <Position X="21" Y="11" Z="38" />
      <Rotation X="0.0669873" Y="0.25" Z="0.25" W="0.933012664" />
      <Scaling>4</Scaling>
      <ScenePath>scenes\box.fbx</ScenePath>
      <Scale>1</Scale>
      <Color Red="10" Green="10" Blue="10" Alpha="1" />
    </MapNode>
    <MapNode xsi:type="MapModel">
      <Visible>true</Visible>
      <Frozen>false</Frozen>
      <Position X="15.5" Y="11" Z="38" />
      <Rotation X="0.0669873" Y="0.25" Z="0.25" W="0.933012664" />
      <Scaling>4</Scaling>
      <ScenePath>scenes\box.fbx</ScenePath>
      <Scale>1</Scale>
      <Color Red="10" Green="10" Blue="10" Alpha="1" />
    </MapNode>
    <MapNode xsi:type="MapModel">
      <Visible>true</Visible>
      <Frozen>false</Frozen>
      <Position X="21" Y="17" Z="38" />
      <Rotation X="0.0669873" Y="0.25" Z="0.25" W="0.933012664" />
      <Scaling>4</Scaling>
      <ScenePath>scenes\box.fbx</ScenePath>
      <Scale>1</Scale>
      <Color Red="10" Green="10" Blue="10" Alpha="1" />
    </MapNode>
    <MapNode xsi:type="MapModel">
      <Visible>true</Visible>
      <Frozen>false</Frozen>
      <Position X="15.5" Y="17" Z="38" />
      <Rotation X="0.0669873" Y="0.25" Z="0.25" W="0.933012664" />
      <Scaling>4</Scaling>
      <ScenePath>scenes\box.fbx</ScenePath>
      <Scale>1</Scale>
      <Color Red="10" Green="10" Blue="10" Alpha="1" />
    </MapNode>
    <MapNode xsi:type="MapModel">
      <Visible>true</Visible>
      <Frozen>false</Frozen>
      <Position X="33" Y="4.5" Z="38" />
      <Rotation X="0.0669873" Y="0.25" Z="0.25" W="0.933012664" />
      <Scaling>4</Scaling>
      <ScenePath>scenes\box.fbx</ScenePath>
      <Scale>1</Scale>
      <Color Red="10" Green="10" Blue="10" Alpha="1" />
    </MapNode>
    <MapNode xsi:type="MapModel">
      <Visible>true</Visible>
      <Frozen>false</Frozen>
      <Position X="27.5" Y="4.5" Z="38" />
      <Rotation X="0.0669873" Y="0.25" Z="0.25" W="0.933012664" />
      <Scaling>4</Scaling>
      <ScenePath>scenes\box.fbx</ScenePath>
      <Scale>1</Scale>
      <Color Red="10" Green="10" Blue="10" Alpha="1" />
    </MapNode>
    <MapNode xsi:type="MapModel">
      <Visible>true</Visible>
      <Frozen>false</Frozen>
      <Position X="33" Y="0" Z="23" />
      <Rotation X="0" Y="0" Z="0" W="1" />
      <Scaling>0.5</Scaling>
      <ScenePath>scenes\mtrlTest.fbx</ScenePath>
      <Scale>1</Scale>
      <Color Red="10" Green="10" Blue="10" Alpha="1" />
    </MapNode>
    <MapNode xsi:type="MapEntity">
      <Visible>true</Visible>
      <Frozen>false</Frozen>
      <Position X="35.5" Y="0.5" Z="32.5" />
      <Rotation X="0" Y="0" Z="0" W="1" />
      <Scaling>1</Scaling>
      <Factory xsi:type="StartPointFactory">
        <StartPointType>SinglePlayer</StartPointType>
      </Factory>
    </MapNode>
  </Nodes>
</Map>