<?xml version="1.0" encoding="utf-8"?>
<Map xmlns:xsd="http://www.w3.org/2001/XMLSchema" xmlns:xsi="http://www.w3.org/2001/XMLSchema-instance">
  <Environment>
    <Gravity>16</Gravity>
    <SkyTrubidity>8</SkyTrubidity>
    <SunPosition X="1" Y="1.5" Z="3" />
    <SunIntensity>40</SunIntensity>
    <FogDistance>5000</FogDistance>
    <FogHeight>-0.05</FogHeight>
    <FogColor Red="10" Green="15" Blue="17.5" Alpha="0" />
    <CharacterHeight>2</CharacterHeight>
    <CharacterSize>1.2</CharacterSize>
    <WalkableSlope>45</WalkableSlope>
    <StepHeight>45</StepHeight>
    <RecastCellHeight>0.25</RecastCellHeight>
    <RecastCellSize>0.25</RecastCellSize>
    <IrradianceVolume>
      <Minimum X="-64" Y="-32" Z="-64" />
      <Maximum X="64" Y="32" Z="64" />
    </IrradianceVolume>
    <AmbientLevel Red="0" Green="0" Blue="0" Alpha="0" />
  </Environment>
  <Nodes>
    <MapNode xsi:type="MapEntity">
      <Visible>true</Visible>
      <Frozen>false</Frozen>
      <Position X="22.5" Y="6" Z="24" />
      <Rotation X="0" Y="0" Z="0" W="1" />
      <Scaling>1</Scaling>
      <Factory xsi:type="NullFactory" />
    </MapNode>
    <MapNode xsi:type="MapModel">
      <Visible>true</Visible>
      <Frozen>false</Frozen>
      <Position X="22.5" Y="0" Z="23.5" />
      <Rotation X="0" Y="0" Z="0" W="1" />
      <Scaling>1</Scaling>
      <ScenePath>scenes\q3t5.fbx</ScenePath>
      <Scale>1</Scale>
      <Color Red="10" Green="10" Blue="10" Alpha="1" />
    </MapNode>
    <MapNode xsi:type="MapModel">
      <Visible>true</Visible>
      <Frozen>false</Frozen>
      <Position X="15.5" Y="5" Z="36.5" />
      <Rotation X="0.0669873" Y="0.25" Z="0.25" W="0.933012664" />
      <Scaling>4</Scaling>
      <ScenePath>scenes\box.fbx</ScenePath>
      <Scale>1</Scale>
      <Color Red="10" Green="10" Blue="10" Alpha="1" />
    </MapNode>
    <MapNode xsi:type="MapModel">
      <Visible>true</Visible>
      <Frozen>false</Frozen>
      <Position X="22" Y="3.5" Z="36.5" />
      <Rotation X="0.0669873" Y="0.25" Z="0.25" W="0.933012664" />
      <Scaling>4</Scaling>
      <ScenePath>scenes\box.fbx</ScenePath>
      <Scale>1</Scale>
      <Color Red="10" Green="10" Blue="10" Alpha="1" />
    </MapNode>
    <MapNode xsi:type="MapModel">
      <Visible>true</Visible>
      <Frozen>false</Frozen>
      <Position X="21" Y="8" Z="36.5" />
      <Rotation X="0.0669873" Y="0.25" Z="0.25" W="0.933012664" />
      <Scaling>4</Scaling>
      <ScenePath>scenes\box.fbx</ScenePath>
      <Scale>1</Scale>
      <Color Red="10" Green="10" Blue="10" Alpha="1" />
    </MapNode>
    <MapNode xsi:type="MapModel">
      <Visible>true</Visible>
      <Frozen>false</Frozen>
      <Position X="15.5" Y="8" Z="36.5" />
      <Rotation X="0.0669873" Y="0.25" Z="0.25" W="0.933012664" />
      <Scaling>4</Scaling>
      <ScenePath>scenes\box.fbx</ScenePath>
      <Scale>1</Scale>
      <Color Red="10" Green="10" Blue="10" Alpha="1" />
    </MapNode>
    <MapNode xsi:type="MapModel">
      <Visible>true</Visible>
      <Frozen>false</Frozen>
      <Position X="21" Y="8" Z="43" />
      <Rotation X="0.0669873" Y="0.25" Z="0.25" W="0.933012664" />
      <Scaling>4</Scaling>
      <ScenePath>scenes\box.fbx</ScenePath>
      <Scale>1</Scale>
      <Color Red="10" Green="10" Blue="10" Alpha="1" />
    </MapNode>
    <MapNode xsi:type="MapModel">
      <Visible>true</Visible>
      <Frozen>false</Frozen>
      <Position X="15.5" Y="8" Z="43" />
      <Rotation X="0.0669873" Y="0.25" Z="0.25" W="0.933012664" />
      <Scaling>4</Scaling>
      <ScenePath>scenes\box.fbx</ScenePath>
      <Scale>1</Scale>
      <Color Red="10" Green="10" Blue="10" Alpha="1" />
    </MapNode>
    <MapNode xsi:type="MapModel">
      <Visible>true</Visible>
      <Frozen>false</Frozen>
      <Position X="21" Y="8" Z="48.5" />
      <Rotation X="0.0669873" Y="0.25" Z="0.25" W="0.933012664" />
      <Scaling>4</Scaling>
      <ScenePath>scenes\box.fbx</ScenePath>
      <Scale>1</Scale>
      <Color Red="10" Green="10" Blue="10" Alpha="1" />
    </MapNode>
    <MapNode xsi:type="MapModel">
      <Visible>true</Visible>
      <Frozen>false</Frozen>
      <Position X="15.5" Y="8" Z="48.5" />
      <Rotation X="0.0669873" Y="0.25" Z="0.25" W="0.933012664" />
      <Scaling>4</Scaling>
      <ScenePath>scenes\box.fbx</ScenePath>
      <Scale>1</Scale>
      <Color Red="10" Green="10" Blue="10" Alpha="1" />
    </MapNode>
    <MapNode xsi:type="MapModel">
      <Visible>true</Visible>
      <Frozen>false</Frozen>
      <Position X="21" Y="14" Z="48.5" />
      <Rotation X="0.0669873" Y="0.25" Z="0.25" W="0.933012664" />
      <Scaling>4</Scaling>
      <ScenePath>scenes\box.fbx</ScenePath>
      <Scale>1</Scale>
      <Color Red="10" Green="10" Blue="10" Alpha="1" />
    </MapNode>
    <MapNode xsi:type="MapModel">
      <Visible>true</Visible>
      <Frozen>false</Frozen>
      <Position X="15.5" Y="14" Z="48.5" />
      <Rotation X="0.0669873" Y="0.25" Z="0.25" W="0.933012664" />
      <Scaling>4</Scaling>
      <ScenePath>scenes\box.fbx</ScenePath>
      <Scale>1</Scale>
      <Color Red="10" Green="10" Blue="10" Alpha="1" />
    </MapNode>
    <MapNode xsi:type="MapModel">
      <Visible>true</Visible>
      <Frozen>false</Frozen>
      <Position X="33" Y="4.5" Z="48.5" />
      <Rotation X="0.0669873" Y="0.25" Z="0.25" W="0.933012664" />
      <Scaling>4</Scaling>
      <ScenePath>scenes\box.fbx</ScenePath>
      <Scale>1</Scale>
      <Color Red="10" Green="10" Blue="10" Alpha="1" />
    </MapNode>
    <MapNode xsi:type="MapModel">
      <Visible>true</Visible>
      <Frozen>false</Frozen>
      <Position X="27.5" Y="4.5" Z="48.5" />
      <Rotation X="0.0669873" Y="0.25" Z="0.25" W="0.933012664" />
      <Scaling>4</Scaling>
      <ScenePath>scenes\box.fbx</ScenePath>
      <Scale>1</Scale>
      <Color Red="10" Green="10" Blue="10" Alpha="1" />
    </MapNode>
    <MapNode xsi:type="MapModel">
      <Visible>true</Visible>
      <Frozen>false</Frozen>
      <Position X="33" Y="0" Z="34" />
      <Rotation X="0" Y="0" Z="0" W="1" />
      <Scaling>0.5</Scaling>
      <ScenePath>scenes\mtrlTest.fbx</ScenePath>
      <Scale>1</Scale>
      <Color Red="10" Green="10" Blue="10" Alpha="1" />
    </MapNode>
    <MapNode xsi:type="MapEntity">
      <Visible>true</Visible>
      <Frozen>false</Frozen>
      <Position X="35.5" Y="0.5" Z="43" />
      <Rotation X="0" Y="0" Z="0" W="1" />
      <Scaling>1</Scaling>
      <Factory xsi:type="StartPointFactory">
        <StartPointType>SinglePlayer</StartPointType>
      </Factory>
    </MapNode>
    <MapNode xsi:type="MapEntity">
      <Visible>true</Visible>
      <Frozen>false</Frozen>
      <Position X="34.625" Y="6.5" Z="31.875" />
      <Rotation X="-0.1249566" Y="0.2611132" Z="-0.681359053" W="0.6722764" />
      <Scaling>1</Scaling>
      <Factory xsi:type="ProxyFactory">
        <Classname>box</Classname>
      </Factory>
    </MapNode>
    <MapNode xsi:type="MapEntity">
      <Visible>true</Visible>
      <Frozen>false</Frozen>
      <Position X="20.625" Y="3.25" Z="45.5" />
      <Rotation X="0.4716667" Y="-0.52636075" Z="0.527308" W="0.4716155" />
      <Scaling>1</Scaling>
      <Factory xsi:type="ProxyFactory">
        <Classname>box</Classname>
      </Factory>
    </MapNode>
    <MapNode xsi:type="MapEntity">
      <Visible>true</Visible>
      <Frozen>false</Frozen>
      <Position X="29.5" Y="3.375" Z="30.125" />
      <Rotation X="0.266436338" Y="-3.75505465E-07" Z="0.9638525" W="-2.3003652E-07" />
      <Scaling>1</Scaling>
      <Factory xsi:type="ProxyFactory">
        <Classname>box</Classname>
      </Factory>
    </MapNode>
    <MapNode xsi:type="MapEntity">
      <Visible>true</Visible>
      <Frozen>false</Frozen>
      <Position X="41.125" Y="5.375" Z="29" />
      <Rotation X="-0.008270967" Y="-0.0030819478" Z="-0.707230568" W="0.7069279" />
      <Scaling>1</Scaling>
      <Factory xsi:type="ProxyFactory">
        <Classname>box</Classname>
      </Factory>
    </MapNode>
    <MapNode xsi:type="MapEntity">
      <Visible>true</Visible>
      <Frozen>false</Frozen>
      <Position X="30" Y="3.375" Z="29.125" />
      <Rotation X="-2.51371639E-05" Y="0.0312398355" Z="-2.752479E-05" W="0.9995119" />
      <Scaling>1</Scaling>
      <Factory xsi:type="ProxyFactory">
        <Classname>box</Classname>
      </Factory>
    </MapNode>
    <MapNode xsi:type="MapEntity">
      <Visible>true</Visible>
      <Frozen>false</Frozen>
      <Position X="30" Y="3.875" Z="29.125" />
      <Rotation X="-0.0107922927" Y="0.0245761946" Z="0.00849951152" W="0.99960357" />
      <Scaling>1</Scaling>
      <Factory xsi:type="ProxyFactory">
        <Classname>box</Classname>
      </Factory>
    </MapNode>
    <MapNode xsi:type="MapEntity">
      <Visible>true</Visible>
      <Frozen>false</Frozen>
      <Position X="28.875" Y="3.5" Z="28.25" />
      <Rotation X="-0.329094946" Y="0.116543137" Z="0.76468724" W="0.541634262" />
      <Scaling>1</Scaling>
      <Factory xsi:type="ProxyFactory">
        <Classname>box</Classname>
      </Factory>
    </MapNode>
    <MapNode xsi:type="MapEntity">
      <Visible>true</Visible>
      <Frozen>false</Frozen>
      <Position X="28.5" Y="1.125" Z="28.5" />
      <Rotation X="0.2383424" Y="0.239569291" Z="0.665855944" W="0.6651582" />
      <Scaling>1</Scaling>
      <Factory xsi:type="ProxyFactory">
        <Classname>box</Classname>
      </Factory>
    </MapNode>
    <MapNode xsi:type="MapEntity">
      <Visible>true</Visible>
      <Frozen>false</Frozen>
      <Position X="27.625" Y="3.5" Z="28" />
      <Rotation X="-0.263746321" Y="0.00405675173" Z="0.8853616" W="0.382826656" />
      <Scaling>1</Scaling>
      <Factory xsi:type="ProxyFactory">
        <Classname>box</Classname>
      </Factory>
    </MapNode>
    <MapNode xsi:type="MapEntity">
      <Visible>true</Visible>
      <Frozen>false</Frozen>
      <Position X="18" Y="0" Z="23.5" />
      <Rotation X="0.000898916158" Y="0.00271875178" Z="0.00287490338" W="0.9999918" />
      <Scaling>1</Scaling>
      <Factory xsi:type="ProxyFactory">
        <Classname>box</Classname>
      </Factory>
    </MapNode>
    <MapNode xsi:type="MapEntity">
      <Visible>true</Visible>
      <Frozen>false</Frozen>
      <Position X="18" Y="0.5" Z="25.5" />
      <Rotation X="0.00119079964" Y="0.009488688" Z="0.007251025" W="0.999928" />
      <Scaling>1</Scaling>
      <Factory xsi:type="ProxyFactory">
        <Classname>box</Classname>
      </Factory>
    </MapNode>
    <MapNode xsi:type="MapEntity">
      <Visible>true</Visible>
      <Frozen>false</Frozen>
      <Position X="19.5" Y="0" Z="25.5" />
      <Rotation X="-3.95632524E-05" Y="0.0397161171" Z="0.0007009146" W="0.9992108" />
      <Scaling>1</Scaling>
      <Factory xsi:type="ProxyFactory">
        <Classname>box</Classname>
      </Factory>
    </MapNode>
    <MapNode xsi:type="MapEntity">
      <Visible>true</Visible>
      <Frozen>false</Frozen>
      <Position X="18" Y="0" Z="23" />
      <Rotation X="0.000154391746" Y="0.0025463535" Z="-2.85452043E-05" W="0.9999967" />
      <Scaling>1</Scaling>
      <Factory xsi:type="ProxyFactory">
        <Classname>box</Classname>
      </Factory>
    </MapNode>
    <MapNode xsi:type="MapEntity">
      <Visible>true</Visible>
      <Frozen>false</Frozen>
      <Position X="18" Y="0.5" Z="25" />
      <Rotation X="9.57175362E-05" Y="0.005329067" Z="-0.000590405543" W="0.999985635" />
      <Scaling>1</Scaling>
      <Factory xsi:type="ProxyFactory">
        <Classname>box</Classname>
      </Factory>
    </MapNode>
    <MapNode xsi:type="MapEntity">
      <Visible>true</Visible>
      <Frozen>false</Frozen>
      <Position X="18" Y="1" Z="25" />
      <Rotation X="-0.000213721476" Y="-0.00138701929" Z="-0.000120814693" W="0.999999" />
      <Scaling>1</Scaling>
      <Factory xsi:type="ProxyFactory">
        <Classname>box</Classname>
      </Factory>
    </MapNode>
    <MapNode xsi:type="MapEntity">
      <Visible>true</Visible>
      <Frozen>false</Frozen>
      <Position X="18" Y="0" Z="22.5" />
      <Rotation X="-0.0022394415" Y="-0.00358856912" Z="-4.78995E-05" W="0.9999911" />
      <Scaling>1</Scaling>
      <Factory xsi:type="ProxyFactory">
        <Classname>box</Classname>
      </Factory>
    </MapNode>
    <MapNode xsi:type="MapEntity">
      <Visible>true</Visible>
      <Frozen>false</Frozen>
      <Position X="18" Y="0.5" Z="24.5" />
      <Rotation X="-0.00653011957" Y="-0.000269229145" Z="-0.0002017395" W="0.9999786" />
      <Scaling>1</Scaling>
      <Factory xsi:type="ProxyFactory">
        <Classname>box</Classname>
      </Factory>
    </MapNode>
    <MapNode xsi:type="MapEntity">
      <Visible>true</Visible>
      <Frozen>false</Frozen>
      <Position X="18" Y="1" Z="24.5" />
      <Rotation X="0.00011070638" Y="-0.00163256133" Z="0.000112680369" W="0.9999986" />
      <Scaling>1</Scaling>
      <Factory xsi:type="ProxyFactory">
        <Classname>box</Classname>
      </Factory>
    </MapNode>
    <MapNode xsi:type="MapLightProbe">
      <Visible>true</Visible>
      <Frozen>false</Frozen>
      <Position X="41" Y="1.125" Z="34" />
      <Rotation X="0" Y="0" Z="0" W="1" />
      <Scaling>1</Scaling>
      <InnerRadius>8</InnerRadius>
      <OuterRadius>16</OuterRadius>
    </MapNode>
    <MapNode xsi:type="MapModel">
      <Visible>true</Visible>
      <Frozen>false</Frozen>
      <Position X="13.5" Y="1.625" Z="55.5" />
      <Rotation X="0.0669873" Y="0.25" Z="0.25" W="0.933012664" />
      <Scaling>1</Scaling>
      <ScenePath>scenes\box.fbx</ScenePath>
      <Scale>1</Scale>
      <Color Red="10" Green="10" Blue="10" Alpha="1" />
    </MapNode>
    <MapNode xsi:type="MapModel">
      <Visible>true</Visible>
      <Frozen>false</Frozen>
      <Position X="11.5" Y="1.625" Z="67.625" />
      <Rotation X="0.0669873" Y="0.25" Z="0.25" W="0.933012664" />
      <Scaling>1</Scaling>
      <ScenePath>scenes\box.fbx</ScenePath>
      <Scale>1</Scale>
      <Color Red="10" Green="10" Blue="10" Alpha="1" />
    </MapNode>
    <MapNode xsi:type="MapLightProbe">
      <Visible>true</Visible>
      <Frozen>false</Frozen>
      <Position X="17" Y="1" Z="42" />
      <Rotation X="0" Y="0" Z="0" W="1" />
      <Scaling>1</Scaling>
      <InnerRadius>8</InnerRadius>
      <OuterRadius>16</OuterRadius>
    </MapNode>
    <MapNode xsi:type="MapModel">
      <Visible>true</Visible>
      <Frozen>false</Frozen>
      <Position X="12.375" Y="1.625" Z="42.25" />
      <Rotation X="0" Y="0" Z="0" W="1" />
      <Scaling>4</Scaling>
      <ScenePath>scenes\box.fbx</ScenePath>
      <Scale>1</Scale>
      <Color Red="10" Green="10" Blue="10" Alpha="1" />
    </MapNode>
    <MapNode xsi:type="MapLightProbe">
      <Visible>true</Visible>
      <Frozen>false</Frozen>
      <Position X="41" Y="1.125" Z="53.75" />
      <Rotation X="0" Y="0" Z="0" W="1" />
      <Scaling>1</Scaling>
      <InnerRadius>8</InnerRadius>
      <OuterRadius>16</OuterRadius>
    </MapNode>
    <MapNode xsi:type="MapLightProbe">
      <Visible>true</Visible>
      <Frozen>false</Frozen>
      <Position X="6.5" Y="-0.5" Z="60" />
      <Rotation X="0" Y="0" Z="0" W="1" />
      <Scaling>1</Scaling>
      <InnerRadius>8</InnerRadius>
      <OuterRadius>16</OuterRadius>
    </MapNode>
    <MapNode xsi:type="MapLightProbe">
      <Visible>true</Visible>
      <Frozen>false</Frozen>
      <Position X="32.875" Y="24.125" Z="60" />
      <Rotation X="0" Y="0" Z="0" W="1" />
      <Scaling>1</Scaling>
      <InnerRadius>128</InnerRadius>
      <OuterRadius>130</OuterRadius>
    </MapNode>
    <MapNode xsi:type="MapLightProbe">
      <Visible>true</Visible>
      <Frozen>false</Frozen>
      <Position X="45.75" Y="2" Z="34" />
      <Rotation X="0" Y="0" Z="0" W="1" />
      <Scaling>1</Scaling>
      <InnerRadius>7</InnerRadius>
      <OuterRadius>15</OuterRadius>
    </MapNode>
    <MapNode xsi:type="MapLightProbe">
      <Visible>true</Visible>
      <Frozen>false</Frozen>
      <Position X="49" Y="1.125" Z="42" />
      <Rotation X="0" Y="0" Z="0" W="1" />
      <Scaling>1</Scaling>
      <InnerRadius>8</InnerRadius>
      <OuterRadius>16</OuterRadius>
    </MapNode>
    <MapNode xsi:type="MapLightProbe">
      <Visible>true</Visible>
      <Frozen>false</Frozen>
      <Position X="46.125" Y="1.125" Z="25.875" />
      <Rotation X="0" Y="0" Z="0" W="1" />
      <Scaling>1</Scaling>
      <InnerRadius>8</InnerRadius>
      <OuterRadius>16</OuterRadius>
    </MapNode>
    <MapNode xsi:type="MapLightProbe">
      <Visible>true</Visible>
      <Frozen>false</Frozen>
      <Position X="40.5" Y="1.125" Z="25.875" />
      <Rotation X="0" Y="0" Z="0" W="1" />
      <Scaling>1</Scaling>
      <InnerRadius>8</InnerRadius>
      <OuterRadius>16</OuterRadius>
    </MapNode>
    <MapNode xsi:type="MapLightProbe">
      <Visible>true</Visible>
      <Frozen>false</Frozen>
      <Position X="32.875" Y="1.125" Z="25.875" />
      <Rotation X="0" Y="0" Z="0" W="1" />
      <Scaling>1</Scaling>
      <InnerRadius>8</InnerRadius>
      <OuterRadius>16</OuterRadius>
    </MapNode>
    <MapNode xsi:type="MapLightProbe">
      <Visible>true</Visible>
      <Frozen>false</Frozen>
      <Position X="16.875" Y="1.25" Z="25.875" />
      <Rotation X="0" Y="0" Z="0" W="1" />
      <Scaling>1</Scaling>
      <InnerRadius>6</InnerRadius>
      <OuterRadius>12</OuterRadius>
    </MapNode>
    <MapNode xsi:type="MapEntity">
      <Visible>true</Visible>
      <Frozen>false</Frozen>
      <Position X="38.625" Y="7.375" Z="31.125" />
      <Rotation X="0" Y="0" Z="0" W="1" />
      <Scaling>1</Scaling>
      <Factory xsi:type="StartPointFactory">
        <StartPointType>SinglePlayer</StartPointType>
      </Factory>
    </MapNode>
    <MapNode xsi:type="MapLightProbe">
      <Visible>true</Visible>
      <Frozen>false</Frozen>
      <Position X="45.75" Y="1.125" Z="43.375" />
      <Rotation X="0" Y="0" Z="0" W="1" />
      <Scaling>1</Scaling>
      <InnerRadius>8</InnerRadius>
      <OuterRadius>16</OuterRadius>
    </MapNode>
    <MapNode xsi:type="MapLightProbe">
      <Visible>true</Visible>
      <Frozen>false</Frozen>
      <Position X="22.5" Y="3.125" Z="45.375" />
      <Rotation X="0" Y="0" Z="0" W="1" />
      <Scaling>1</Scaling>
      <InnerRadius>2</InnerRadius>
      <OuterRadius>3</OuterRadius>
    </MapNode>
    <MapNode xsi:type="MapLightProbe">
      <Visible>true</Visible>
      <Frozen>false</Frozen>
      <Position X="40.5" Y="5.625" Z="29" />
      <Rotation X="0" Y="0" Z="0" W="1" />
      <Scaling>1</Scaling>
      <InnerRadius>8</InnerRadius>
      <OuterRadius>16</OuterRadius>
    </MapNode>
    <MapNode xsi:type="MapLightProbe">
      <Visible>true</Visible>
      <Frozen>false</Frozen>
      <Position X="27.25" Y="1" Z="46.625" />
      <Rotation X="0" Y="0" Z="0" W="1" />
      <Scaling>1</Scaling>
      <InnerRadius>4</InnerRadius>
      <OuterRadius>8</OuterRadius>
    </MapNode>
    <MapNode xsi:type="MapLightProbe">
      <Visible>true</Visible>
      <Frozen>false</Frozen>
      <Position X="29.375" Y="1.375" Z="46.625" />
      <Rotation X="0" Y="0" Z="0" W="1" />
      <Scaling>1</Scaling>
      <InnerRadius>4</InnerRadius>
      <OuterRadius>8</OuterRadius>
    </MapNode>
    <MapNode xsi:type="MapLightProbe">
      <Visible>true</Visible>
      <Frozen>false</Frozen>
      <Position X="26.5" Y="2.125" Z="22.875" />
      <Rotation X="0" Y="0" Z="0" W="1" />
      <Scaling>1</Scaling>
      <InnerRadius>7</InnerRadius>
      <OuterRadius>14</OuterRadius>
    </MapNode>
  </Nodes>
</Map>