<?xml version="1.0" encoding="utf-8"?>
<Map xmlns:xsd="http://www.w3.org/2001/XMLSchema" xmlns:xsi="http://www.w3.org/2001/XMLSchema-instance">
  <Environment>
    <Gravity>16</Gravity>
    <SkyTrubidity>2</SkyTrubidity>
    <SunPosition X="1" Y="3" Z="2" />
    <SunIntensity>100</SunIntensity>
    <FogDistance>100</FogDistance>
    <FogHeight>0.05</FogHeight>
    <FogColor Red="10" Green="10" Blue="10" Alpha="0" />
    <CharacterHeight>2</CharacterHeight>
    <CharacterSize>1.2</CharacterSize>
    <WalkableSlope>45</WalkableSlope>
    <StepHeight>45</StepHeight>
    <RecastCellHeight>0.25</RecastCellHeight>
    <RecastCellSize>0.25</RecastCellSize>
    <IrradianceVolume>
      <Minimum X="-64" Y="-32" Z="-64" />
      <Maximum X="64" Y="32" Z="64" />
    </IrradianceVolume>
    <AmbientLevel Red="0" Green="0" Blue="0" Alpha="0" />
  </Environment>
  <Nodes>
    <MapNode xsi:type="MapOmniLight">
      <Visible>true</Visible>
      <Frozen>false</Frozen>
      <TranslateX>12</TranslateX>
      <TranslateY>2</TranslateY>
      <TranslateZ>1</TranslateZ>
      <RotateYaw>0</RotateYaw>
      <RotatePitch>-0</RotatePitch>
      <RotateRoll>-0</RotateRoll>
      <TranslateVector X="12" Y="2" Z="1" />
      <RotateQuaternion X="-0" Y="0" Z="0" W="1" />
      <OuterRadius>5</OuterRadius>
      <InnerRadius>1</InnerRadius>
      <LightStyle>Default</LightStyle>
      <Ambient>false</Ambient>
      <LightColor R="255" G="161" B="71" A="255" />
      <LightIntensity>890</LightIntensity>
    </MapNode>
    <MapNode xsi:type="MapOmniLight">
      <Visible>true</Visible>
      <Frozen>false</Frozen>
      <TranslateX>20</TranslateX>
      <TranslateY>0</TranslateY>
      <TranslateZ>0</TranslateZ>
      <RotateYaw>0</RotateYaw>
      <RotatePitch>-0</RotatePitch>
      <RotateRoll>-0</RotateRoll>
      <TranslateVector X="20" Y="0" Z="0" />
      <RotateQuaternion X="-0" Y="0" Z="0" W="1" />
      <OuterRadius>14</OuterRadius>
      <InnerRadius>0.6</InnerRadius>
      <LightStyle>Fire2</LightStyle>
      <Ambient>true</Ambient>
      <LightColor R="255" G="132" B="30" A="255" />
      <LightIntensity>5000</LightIntensity>
    </MapNode>
    <MapNode xsi:type="MapEntity">
      <Visible>true</Visible>
      <Frozen>false</Frozen>
      <TranslateX>3.16049767</TranslateX>
      <TranslateY>0.23932758</TranslateY>
      <TranslateZ>7.488846</TranslateZ>
      <RotateYaw>-0.00030013817</RotateYaw>
      <RotatePitch>3.03465968E-05</RotatePitch>
      <RotateRoll>-4.57981469E-06</RotateRoll>
      <TranslateVector X="3.16049767" Y="0.23932758" Z="7.488846" />
      <RotateQuaternion X="2.64824138E-07" Y="-2.61919968E-06" Z="-3.996573E-08" W="1" />
      <TargetName>void</TargetName>
      <Factory xsi:type="ProxyFactory">
        <Classname>box</Classname>
      </Factory>
    </MapNode>
    <MapNode xsi:type="MapEntity">
      <Visible>true</Visible>
      <Frozen>false</Frozen>
      <TranslateX>-3.1300652</TranslateX>
      <TranslateY>0.2401662</TranslateY>
      <TranslateZ>3.25455</TranslateZ>
      <RotateYaw>-169.692032</RotateYaw>
      <RotatePitch>0.231120169</RotatePitch>
      <RotateRoll>179.985809</RotateRoll>
      <TranslateVector X="-3.1300652" Y="0.2401662" Z="3.25455" />
      <RotateQuaternion X="-0.9959549" Y="-0.0003044977" Z="0.0898327753" W="-0.00199762546" />
      <TargetName>q`xsxs`q</TargetName>
      <Factory xsi:type="ProxyFactory">
        <Classname>box</Classname>
      </Factory>
    </MapNode>
    <MapNode xsi:type="MapEntity">
      <Visible>true</Visible>
      <Frozen>false</Frozen>
      <TranslateX>-5.99366</TranslateX>
      <TranslateY>3.23932886</TranslateY>
      <TranslateZ>-4.5005</TranslateZ>
      <RotateYaw>-45.03241</RotateYaw>
      <RotatePitch>-8.232943E-06</RotatePitch>
      <RotateRoll>0.0001054055</RotateRoll>
      <TranslateVector X="-5.99366" Y="3.23932886" Z="-4.5005" />
      <RotateQuaternion X="-4.186158E-07" Y="-0.382944733" Z="8.222055E-07" W="0.923771262" />
      <TargetName>q`xsxs`q</TargetName>
      <Factory xsi:type="ProxyFactory">
        <Classname>box</Classname>
      </Factory>
    </MapNode>
    <MapNode xsi:type="MapEntity">
      <Visible>true</Visible>
      <Frozen>false</Frozen>
      <TranslateX>3.41735673</TranslateX>
      <TranslateY>0.239602119</TranslateY>
      <TranslateZ>4.70773363</TranslateZ>
      <RotateYaw>-0.0204123985</RotateYaw>
      <RotatePitch>8.49707358E-05</RotatePitch>
      <RotateRoll>-0.05026324</RotateRoll>
      <TranslateVector X="3.41735673" Y="0.239602119" Z="4.70773363" />
      <RotateQuaternion X="8.196433E-07" Y="-0.00017813145" Z="-0.0004386294" W="0.9999999" />
      <TargetName>q`xsxs`q</TargetName>
      <Factory xsi:type="ProxyFactory">
        <Classname>box</Classname>
      </Factory>
    </MapNode>
    <MapNode xsi:type="MapEntity">
      <Visible>true</Visible>
      <Frozen>false</Frozen>
      <TranslateX>0.07774248</TranslateX>
      <TranslateY>0.23932597</TranslateY>
      <TranslateZ>-2.22153449</TranslateZ>
      <RotateYaw>-1.07417178</RotateYaw>
      <RotatePitch>-0.000489854137</RotatePitch>
      <RotateRoll>-0.0008608416</RotateRoll>
      <TranslateVector X="0.07774248" Y="0.23932597" Z="-2.22153449" />
      <RotateQuaternion X="-4.204178E-06" Y="-0.00937378" Z="-7.552001E-06" W="0.9999561" />
      <TargetName>q`xsxs`q</TargetName>
      <Factory xsi:type="ProxyFactory">
        <Classname>box</Classname>
      </Factory>
    </MapNode>
    <MapNode xsi:type="MapEntity">
      <Visible>true</Visible>
      <Frozen>false</Frozen>
      <TranslateX>0.11717917</TranslateX>
      <TranslateY>0.239327028</TranslateY>
      <TranslateZ>-1.45052087</TranslateZ>
      <RotateYaw>-0.46960783</RotateYaw>
      <RotatePitch>0.000785925251</RotatePitch>
      <RotateRoll>0.000387589942</RotateRoll>
      <TranslateVector X="0.11717917" Y="0.239327028" Z="-1.45052087" />
      <RotateQuaternion X="6.844573E-06" Y="-0.00409809" Z="3.41043869E-06" W="0.9999916" />
      <TargetName>q`xsxs`q</TargetName>
      <Factory xsi:type="ProxyFactory">
        <Classname>box</Classname>
      </Factory>
    </MapNode>
    <MapNode xsi:type="MapEntity">
      <Visible>true</Visible>
      <Frozen>false</Frozen>
      <TranslateX>-5.92548656</TranslateX>
      <TranslateY>0.727098942</TranslateY>
      <TranslateZ>2.41859722</TranslateZ>
      <RotateYaw>108.778984</RotateYaw>
      <RotatePitch>-89.90512</RotatePitch>
      <RotateRoll>-113.819069</RotateRoll>
      <TranslateVector X="-5.92548656" Y="0.727098942" Z="2.41859722" />
      <RotateQuaternion X="-0.706635356" Y="-0.0305451155" Z="-0.03163612" W="0.70621" />
      <TargetName>q`xsxs`q</TargetName>
      <Factory xsi:type="ProxyFactory">
        <Classname>box</Classname>
      </Factory>
    </MapNode>
    <MapNode xsi:type="MapEntity">
      <Visible>true</Visible>
      <Frozen>false</Frozen>
      <TranslateX>-8.27066</TranslateX>
      <TranslateY>0.322984546</TranslateY>
      <TranslateZ>1.96628654</TranslateZ>
      <RotateYaw>-66.8542938</RotateYaw>
      <RotatePitch>0.0505331568</RotatePitch>
      <RotateRoll>89.9980545</RotateRoll>
      <TranslateVector X="-8.27066" Y="0.322984546" Z="1.96628654" />
      <RotateQuaternion X="-0.389261454" Y="-0.389795125" Z="0.5903038" W="0.5899802" />
      <TargetName>q`xsxs`q</TargetName>
      <Factory xsi:type="ProxyFactory">
        <Classname>box</Classname>
      </Factory>
    </MapNode>
    <MapNode xsi:type="MapEntity">
      <Visible>true</Visible>
      <Frozen>false</Frozen>
      <TranslateX>1.64925146</TranslateX>
      <TranslateY>0.239557162</TranslateY>
      <TranslateZ>9.9782505</TranslateZ>
      <RotateYaw>-0.030372655</RotateYaw>
      <RotatePitch>-0.000908657</RotatePitch>
      <RotateRoll>-0.042539116</RotateRoll>
      <TranslateVector X="1.64925146" Y="0.239557162" Z="9.9782505" />
      <RotateQuaternion X="-7.831132E-06" Y="-0.000265054317" Z="-0.000371225877" W="0.9999999" />
      <TargetName>q`xsxs`q</TargetName>
      <Factory xsi:type="ProxyFactory">
        <Classname>box</Classname>
      </Factory>
    </MapNode>
    <MapNode xsi:type="MapEntity">
      <Visible>true</Visible>
      <Frozen>false</Frozen>
      <TranslateX>-0.681122363</TranslateX>
      <TranslateY>0.239558458</TranslateY>
      <TranslateZ>-1.25144875</TranslateZ>
      <RotateYaw>-0.0202796385</RotateYaw>
      <RotatePitch>0.0004733785</RotatePitch>
      <RotateRoll>-0.0422117822</RotateRoll>
      <TranslateVector X="-0.681122363" Y="0.239558458" Z="-1.25144875" />
      <RotateQuaternion X="4.19619755E-06" Y="-0.000176971691" Z="-0.000368366571" W="0.99999994" />
      <TargetName>q`xsxs`q</TargetName>
      <Factory xsi:type="ProxyFactory">
        <Classname>box</Classname>
      </Factory>
    </MapNode>
    <MapNode xsi:type="MapEntity">
      <Visible>true</Visible>
      <Frozen>false</Frozen>
      <TranslateX>-7.00152636</TranslateX>
      <TranslateY>0.239327967</TranslateY>
      <TranslateZ>9.250053</TranslateZ>
      <RotateYaw>44.9368858</RotateYaw>
      <RotatePitch>-1.61211119E-05</RotatePitch>
      <RotateRoll>-0.0005086465</RotateRoll>
      <TranslateVector X="-7.00152636" Y="0.239327967" Z="9.250053" />
      <RotateQuaternion X="-1.82639178E-06" Y="0.382174522" Z="-4.04806542E-06" W="0.924090147" />
      <TargetName>q`xsxs`q</TargetName>
      <Factory xsi:type="ProxyFactory">
        <Classname>box</Classname>
      </Factory>
    </MapNode>
    <MapNode xsi:type="MapEntity">
      <Visible>true</Visible>
      <Frozen>false</Frozen>
      <TranslateX>3.64780569</TranslateX>
      <TranslateY>0.239271611</TranslateY>
      <TranslateZ>5.893219</TranslateZ>
      <RotateYaw>0.04693587</RotateYaw>
      <RotatePitch>-0.002643201</RotatePitch>
      <RotateRoll>-0.0007393021</RotateRoll>
      <TranslateVector X="3.64780569" Y="0.239271611" Z="5.893219" />
      <RotateQuaternion X="-2.3068922E-05" Y="0.000409592583" Z="-6.44217926E-06" W="0.99999994" />
      <TargetName>q`xsxs`q</TargetName>
      <Factory xsi:type="ProxyFactory">
        <Classname>box</Classname>
      </Factory>
    </MapNode>
    <MapNode xsi:type="MapEntity">
      <Visible>true</Visible>
      <Frozen>false</Frozen>
      <TranslateX>-5.703828</TranslateX>
      <TranslateY>0.2393289</TranslateY>
      <TranslateZ>3.2140584</TranslateZ>
      <RotateYaw>-159.823883</RotateYaw>
      <RotatePitch>-9.86311E-05</RotatePitch>
      <RotateRoll>-179.9999</RotateRoll>
      <TranslateVector X="-5.703828" Y="0.2393289" Z="3.2140584" />
      <RotateQuaternion X="0.9845397" Y="-1.04665946E-06" Z="-0.175161511" W="-6.8802126E-07" />
      <TargetName>q`xsxs`q</TargetName>
      <Factory xsi:type="ProxyFactory">
        <Classname>box</Classname>
      </Factory>
    </MapNode>
    <MapNode xsi:type="MapEntity">
      <Visible>true</Visible>
      <Frozen>false</Frozen>
      <TranslateX>2.86172962</TranslateX>
      <TranslateY>0.239562079</TranslateY>
      <TranslateZ>2.7159214</TranslateZ>
      <RotateYaw>-0.0277132634</RotateYaw>
      <RotatePitch>2.336139E-05</RotatePitch>
      <RotateRoll>-0.0432654656</RotateRoll>
      <TranslateVector X="2.86172962" Y="0.239562079" Z="2.7159214" />
      <RotateQuaternion X="2.95177728E-07" Y="-0.000241843751" Z="-0.000377562363" W="0.99999994" />
      <TargetName>q`xsxs`q</TargetName>
      <Factory xsi:type="ProxyFactory">
        <Classname>box</Classname>
      </Factory>
    </MapNode>
    <MapNode xsi:type="MapEntity">
      <Visible>true</Visible>
      <Frozen>false</Frozen>
      <TranslateX>2.81020379</TranslateX>
      <TranslateY>0.239561036</TranslateY>
      <TranslateZ>1.30234885</TranslateZ>
      <RotateYaw>-0.0275947787</RotateYaw>
      <RotatePitch>-0.0001256318</RotatePitch>
      <RotateRoll>-0.0430463</RotateRoll>
      <TranslateVector X="2.81020379" Y="0.239561036" Z="1.30234885" />
      <RotateQuaternion X="-1.00588409E-06" Y="-0.000240810259" Z="-0.0003756501" W="0.99999994" />
      <TargetName>q`xsxs`q</TargetName>
      <Factory xsi:type="ProxyFactory">
        <Classname>box</Classname>
      </Factory>
    </MapNode>
    <MapNode xsi:type="MapEntity">
      <Visible>true</Visible>
      <Frozen>false</Frozen>
      <TranslateX>-0.140858859</TranslateX>
      <TranslateY>0.239357457</TranslateY>
      <TranslateZ>0.332949281</TranslateZ>
      <RotateYaw>0</RotateYaw>
      <RotatePitch>-89.97202</RotatePitch>
      <RotateRoll>54.1456642</RotateRoll>
      <TranslateVector X="-0.140858859" Y="0.239357457" Z="0.332949281" />
      <RotateQuaternion X="-0.6294744" Y="0.3217418" Z="0.321898967" W="0.6297819" />
      <TargetName>q`xsxs`q</TargetName>
      <Factory xsi:type="ProxyFactory">
        <Classname>box</Classname>
      </Factory>
    </MapNode>
    <MapNode xsi:type="MapEntity">
      <Visible>true</Visible>
      <Frozen>false</Frozen>
      <TranslateX>-13</TranslateX>
      <TranslateY>0.2393321</TranslateY>
      <TranslateZ>8.006279</TranslateZ>
      <RotateYaw>-32.3131561</RotateYaw>
      <RotatePitch>0.0008787842</RotatePitch>
      <RotateRoll>179.9995</RotateRoll>
      <TranslateVector X="-13" Y="0.2393321" Z="8.006279" />
      <RotateQuaternion X="-0.278263271" Y="-8.581142E-06" Z="0.96050483" W="2.06059963E-06" />
      <TargetName>q`xsxs`q</TargetName>
      <Factory xsi:type="ProxyFactory">
        <Classname>box</Classname>
      </Factory>
    </MapNode>
    <MapNode xsi:type="MapEntity">
      <Visible>true</Visible>
      <Frozen>false</Frozen>
      <TranslateX>-0.5739065</TranslateX>
      <TranslateY>0.239349648</TranslateY>
      <TranslateZ>-2.49391484</TranslateZ>
      <RotateYaw>-1.16582716</RotateYaw>
      <RotatePitch>-0.0025283643</RotatePitch>
      <RotateRoll>-0.002171643</RotateRoll>
      <TranslateVector X="-0.5739065" Y="0.239349648" Z="-2.49391484" />
      <RotateQuaternion X="-2.18701971E-05" Y="-0.0101735862" Z="-1.91746512E-05" W="0.999948263" />
      <TargetName>q`xsxs`q</TargetName>
      <Factory xsi:type="ProxyFactory">
        <Classname>box</Classname>
      </Factory>
    </MapNode>
    <MapNode xsi:type="MapEntity">
      <Visible>true</Visible>
      <Frozen>false</Frozen>
      <TranslateX>0.2051915</TranslateX>
      <TranslateY>0.243020684</TranslateY>
      <TranslateZ>8.818223</TranslateZ>
      <RotateYaw>55.70172</RotateYaw>
      <RotatePitch>-0.7303603</RotatePitch>
      <RotateRoll>0.242881224</RotateRoll>
      <TranslateVector X="0.2051915" Y="0.243020684" Z="8.818223" />
      <RotateQuaternion X="-0.00464510266" Y="0.46717304" Z="0.00485152239" W="0.8841403" />
      <TargetName>q`xsxs`q</TargetName>
      <Factory xsi:type="ProxyFactory">
        <Classname>box</Classname>
      </Factory>
    </MapNode>
    <MapNode xsi:type="MapEntity">
      <Visible>true</Visible>
      <Frozen>false</Frozen>
      <TranslateX>0.9540449</TranslateX>
      <TranslateY>0.241040036</TranslateY>
      <TranslateZ>4.490979</TranslateZ>
      <RotateYaw>-1.7763133</RotateYaw>
      <RotatePitch>-0.4330896</RotatePitch>
      <RotateRoll>-0.0845726654</RotateRoll>
      <TranslateVector X="0.9540449" Y="0.241040036" Z="4.490979" />
      <RotateQuaternion X="-0.00376751553" Y="-0.0155033106" Z="-0.000796525" W="0.9998723" />
      <TargetName>q`xsxs`q</TargetName>
      <Factory xsi:type="ProxyFactory">
        <Classname>box</Classname>
      </Factory>
    </MapNode>
    <MapNode xsi:type="MapEntity">
      <Visible>true</Visible>
      <Frozen>false</Frozen>
      <TranslateX>-6.01773</TranslateX>
      <TranslateY>0.238640442</TranslateY>
      <TranslateZ>2.439895</TranslateZ>
      <RotateYaw>0</RotateYaw>
      <RotatePitch>89.98021</RotatePitch>
      <RotateRoll>-0</RotateRoll>
      <TranslateVector X="-6.01773" Y="0.238640442" Z="2.439895" />
      <RotateQuaternion X="0.706984639" Y="0" Z="-0" W="0.7072289" />
      <TargetName>q`xsxs`q</TargetName>
      <Factory xsi:type="ProxyFactory">
        <Classname>box</Classname>
      </Factory>
    </MapNode>
    <MapNode xsi:type="MapOmniLight">
      <Visible>true</Visible>
      <Frozen>false</Frozen>
      <TranslateX>-17.5</TranslateX>
      <TranslateY>3.5</TranslateY>
      <TranslateZ>6</TranslateZ>
      <RotateYaw>0</RotateYaw>
      <RotatePitch>89.98021</RotatePitch>
      <RotateRoll>59.9974632</RotateRoll>
      <TranslateVector X="-17.5" Y="3.5" Z="6" />
      <RotateQuaternion X="0.612274468" Y="-0.35347876" Z="0.3536009" W="0.612486" />
      <OuterRadius>5</OuterRadius>
      <InnerRadius>0.125</InnerRadius>
      <LightStyle>Default</LightStyle>
      <Ambient>false</Ambient>
      <LightColor R="255" G="215" B="179" A="255" />
      <LightIntensity>1990</LightIntensity>
    </MapNode>
    <MapNode xsi:type="MapEntity">
      <Visible>true</Visible>
      <Frozen>false</Frozen>
      <TranslateX>1.84453535</TranslateX>
      <TranslateY>0.24041079</TranslateY>
      <TranslateZ>0.194151342</TranslateZ>
      <RotateYaw>-159.70874</RotateYaw>
      <RotatePitch>0.268061072</RotatePitch>
      <RotateRoll>-179.979416</RotateRoll>
      <TranslateVector X="1.84453535" Y="0.24041079" Z="0.194151342" />
      <RotateQuaternion X="0.9843606" Y="0.000235268642" Z="-0.1761498" W="0.002334331" />
      <Factory xsi:type="ProxyFactory">
        <Classname>box</Classname>
      </Factory>
    </MapNode>
    <MapNode xsi:type="MapDecal">
      <Visible>true</Visible>
      <Frozen>false</Frozen>
      <TranslateX>-10.375</TranslateX>
      <TranslateY>0</TranslateY>
      <TranslateZ>1.875</TranslateZ>
      <RotateYaw>0</RotateYaw>
      <RotatePitch>89.98021</RotatePitch>
      <RotateRoll>-0</RotateRoll>
      <TranslateVector X="-10.375" Y="0" Z="1.875" />
      <RotateQuaternion X="0.706984639" Y="0" Z="-0" W="0.7072289" />
      <ImageName>blood1</ImageName>
      <Width>3</Width>
      <Height>3</Height>
      <Depth>0.75</Depth>
      <EmissionColor R="48" G="0" B="0" A="255" />
      <EmissionIntensity>1</EmissionIntensity>
      <BaseColor R="50" G="2" B="2" A="255" />
      <Roughness>0</Roughness>
      <Metallic>0.5</Metallic>
      <ColorFactor>1</ColorFactor>
      <SpecularFactor>1</SpecularFactor>
      <NormalMapFactor>0</NormalMapFactor>
      <FalloffFactor>0.984375</FalloffFactor>
    </MapNode>
    <MapNode xsi:type="MapDecal">
      <Visible>true</Visible>
      <Frozen>false</Frozen>
      <TranslateX>-7</TranslateX>
      <TranslateY>0</TranslateY>
      <TranslateZ>10</TranslateZ>
      <RotateYaw>0</RotateYaw>
      <RotatePitch>89.98021</RotatePitch>
      <RotateRoll>-0</RotateRoll>
      <TranslateVector X="-7" Y="0" Z="10" />
      <RotateQuaternion X="0.706984639" Y="0" Z="-0" W="0.7072289" />
      <ImageName>blood1</ImageName>
      <Width>5</Width>
      <Height>5.25</Height>
      <Depth>0.75</Depth>
      <EmissionColor R="0" G="0" B="0" A="255" />
      <EmissionIntensity>1</EmissionIntensity>
      <BaseColor R="48" G="0" B="0" A="255" />
      <Roughness>0.015625</Roughness>
      <Metallic>0</Metallic>
      <ColorFactor>1</ColorFactor>
      <SpecularFactor>1</SpecularFactor>
      <NormalMapFactor>0</NormalMapFactor>
      <FalloffFactor>0.984375</FalloffFactor>
    </MapNode>
    <MapNode xsi:type="MapDecal">
      <Visible>true</Visible>
      <Frozen>false</Frozen>
      <TranslateX>-7.5</TranslateX>
      <TranslateY>0</TranslateY>
      <TranslateZ>11.25</TranslateZ>
      <RotateYaw>NaN</RotateYaw>
      <RotatePitch>NaN</RotatePitch>
      <RotateRoll>NaN</RotateRoll>
      <TranslateVector X="-7.5" Y="0" Z="11.25" />
      <RotateQuaternion X="NaN" Y="NaN" Z="NaN" W="NaN" />
      <ImageName>blood2</ImageName>
      <Width>3</Width>
      <Height>3</Height>
      <Depth>0.75</Depth>
      <EmissionColor R="0" G="0" B="0" A="255" />
      <EmissionIntensity>1</EmissionIntensity>
      <BaseColor R="61" G="0" B="0" A="255" />
      <Roughness>0.015625</Roughness>
      <Metallic>0</Metallic>
      <ColorFactor>1</ColorFactor>
      <SpecularFactor>1</SpecularFactor>
      <NormalMapFactor>0</NormalMapFactor>
      <FalloffFactor>1</FalloffFactor>
    </MapNode>
    <MapNode xsi:type="MapModel">
      <Visible>true</Visible>
      <Frozen>false</Frozen>
      <TranslateX>3.01823974</TranslateX>
      <TranslateY>0</TranslateY>
      <TranslateZ>0</TranslateZ>
      <RotateYaw>0</RotateYaw>
      <RotatePitch>-0</RotatePitch>
      <RotateRoll>-0</RotateRoll>
      <TranslateVector X="3.01823974" Y="0" Z="0" />
      <RotateQuaternion X="-0" Y="0" Z="0" W="1" />
      <ScenePath>scenes\grayBoxing\testLevel1.fbx</ScenePath>
      <Scale>1</Scale>
      <GlowColor R="255" G="0" B="0" A="255" />
      <GlowIntensity>725</GlowIntensity>
    </MapNode>
    <MapNode xsi:type="MapLightProbe">
      <Visible>true</Visible>
      <Frozen>false</Frozen>
      <TranslateX>0</TranslateX>
      <TranslateY>6</TranslateY>
      <TranslateZ>-9</TranslateZ>
      <RotateYaw>0</RotateYaw>
      <RotatePitch>-0</RotatePitch>
      <RotateRoll>-0</RotateRoll>
      <TranslateVector X="0" Y="6" Z="-9" />
      <RotateQuaternion X="-0" Y="0" Z="0" W="1" />
      <InnerRadius>15</InnerRadius>
      <OuterRadius>20</OuterRadius>
    </MapNode>
    <MapNode xsi:type="MapEntity">
      <Visible>true</Visible>
      <Frozen>false</Frozen>
      <TranslateX>0</TranslateX>
      <TranslateY>0</TranslateY>
      <TranslateZ>18</TranslateZ>
      <RotateYaw>0</RotateYaw>
      <RotatePitch>-0</RotatePitch>
      <RotateRoll>-0</RotateRoll>
      <TranslateVector X="0" Y="0" Z="18" />
      <RotateQuaternion X="-0" Y="0" Z="0" W="1" />
      <Factory xsi:type="StartPointFactory">
        <StartPointType>SinglePlayer</StartPointType>
      </Factory>
    </MapNode>
    <MapNode xsi:type="MapDecal">
      <Visible>true</Visible>
      <Frozen>false</Frozen>
      <TranslateX>-8</TranslateX>
      <TranslateY>0</TranslateY>
      <TranslateZ>8.75</TranslateZ>
      <RotateYaw>149.996124</RotateYaw>
      <RotatePitch>89.98021</RotatePitch>
      <RotateRoll>-0.00378392451</RotateRoll>
      <TranslateVector X="-8" Y="0" Z="8.75" />
      <RotateQuaternion X="0.182981655" Y="0.683130443" Z="-0.6828945" W="0.18304491" />
      <ImageName>blood4</ImageName>
      <Width>2.75</Width>
      <Height>1.25</Height>
      <Depth>0.75</Depth>
      <EmissionColor R="0" G="0" B="0" A="255" />
      <EmissionIntensity>1</EmissionIntensity>
      <BaseColor R="61" G="0" B="0" A="255" />
      <Roughness>0.015625</Roughness>
      <Metallic>0</Metallic>
      <ColorFactor>1</ColorFactor>
      <SpecularFactor>1</SpecularFactor>
      <NormalMapFactor>0</NormalMapFactor>
      <FalloffFactor>1</FalloffFactor>
    </MapNode>
  </Nodes>
</Map>