<?xml version="1.0" encoding="utf-8"?>
<Map xmlns:xsd="http://www.w3.org/2001/XMLSchema" xmlns:xsi="http://www.w3.org/2001/XMLSchema-instance">
  <Environment>
    <Gravity>16</Gravity>
    <SkyTrubidity>2</SkyTrubidity>
    <SunPosition X="1" Y="3" Z="2" />
    <SunIntensity>100</SunIntensity>
    <FogDistance>100</FogDistance>
    <FogHeight>0.05</FogHeight>
    <FogColor Red="10" Green="10" Blue="10" Alpha="0" />
    <CharacterHeight>2</CharacterHeight>
    <CharacterSize>1.2</CharacterSize>
    <WalkableSlope>45</WalkableSlope>
    <StepHeight>45</StepHeight>
    <RecastCellHeight>0.25</RecastCellHeight>
    <RecastCellSize>0.25</RecastCellSize>
    <IrradianceVolume>
      <Minimum X="-64" Y="-32" Z="-64" />
      <Maximum X="64" Y="32" Z="64" />
    </IrradianceVolume>
    <AmbientLevel Red="0" Green="0" Blue="0" Alpha="0" />
  </Environment>
  <Nodes>
    <MapNode xsi:type="MapOmniLight">
      <Visible>true</Visible>
      <Frozen>true</Frozen>
      <Position X="-12.5" Y="-0.125" Z="-3.875" />
      <Rotation X="0" Y="0" Z="0" W="1" />
      <Scaling>1</Scaling>
      <Intensity>0</Intensity>
      <OuterRadius>5</OuterRadius>
      <InnerRadius>0.1</InnerRadius>
      <LightPreset>IncandescentStandard</LightPreset>
      <LightStyle>Default</LightStyle>
      <Ambient>true</Ambient>
      <LightColor R="255" G="255" B="255" A="255" />
      <LightIntensity>100</LightIntensity>
    </MapNode>
    <MapNode xsi:type="MapOmniLight">
      <Visible>true</Visible>
      <Frozen>false</Frozen>
      <Position X="-15" Y="-0.875" Z="8.375" />
      <Rotation X="0" Y="0.258819044" Z="0" W="0.9659258" />
      <Scaling>1</Scaling>
      <Intensity>320</Intensity>
      <OuterRadius>7.4</OuterRadius>
      <InnerRadius>0.6</InnerRadius>
      <LightPreset>Cyan</LightPreset>
      <LightStyle>Default</LightStyle>
      <Ambient>false</Ambient>
      <LightColor R="92" G="117" B="23" A="255" />
      <LightIntensity>3467</LightIntensity>
    </MapNode>
    <MapNode xsi:type="MapModel">
      <Visible>true</Visible>
      <Frozen>true</Frozen>
      <Position X="0" Y="-2.375" Z="0" />
      <Rotation X="0" Y="0" Z="0" W="1" />
      <Scaling>1</Scaling>
      <ScenePath>scenes\grayBoxing\testLevel1.fbx</ScenePath>
      <Scale>1</Scale>
      <Color Red="10" Green="10" Blue="10" Alpha="1" />
    </MapNode>
    <MapNode xsi:type="MapSpotLight">
      <Visible>true</Visible>
      <Frozen>false</Frozen>
      <Position X="-3.5" Y="-1.875" Z="-8.75" />
      <Rotation X="0" Y="-0.866025567" Z="0" W="0.5" />
      <Scaling>1</Scaling>
      <Intensity>70</Intensity>
      <OuterRadius>45</OuterRadius>
      <InnerRadius>1</InnerRadius>
      <NearPlane>3</NearPlane>
      <FarPlane>14</FarPlane>
      <FovVertical>45</FovVertical>
      <FovHorizontal>45</FovHorizontal>
      <SpotMaskName />
      <LodBias>3</LodBias>
      <PenumbraAngle>20</PenumbraAngle>
      <LightPreset>XenonShortArcLamp</LightPreset>
      <LightStyle>Flourescent1</LightStyle>
      <DepthBias>-0</DepthBias>
      <SlopeBias>4</SlopeBias>
    </MapNode>
    <MapNode xsi:type="MapLightProbe">
      <Visible>true</Visible>
      <Frozen>false</Frozen>
      <Position X="-5.75" Y="2" Z="0.125" />
      <Rotation X="0" Y="0" Z="0" W="1" />
      <Scaling>10</Scaling>
      <InnerRadius>35</InnerRadius>
      <OuterRadius>35</OuterRadius>
    </MapNode>
    <MapNode xsi:type="MapEntity">
      <Visible>true</Visible>
      <Frozen>false</Frozen>
      <Position X="0" Y="0" Z="-5.5" />
      <Rotation X="0" Y="0" Z="0" W="1" />
      <Scaling>1</Scaling>
      <Factory xsi:type="ProxyFactory">
        <Classname>box</Classname>
      </Factory>
    </MapNode>
    <MapNode xsi:type="MapEntity">
      <Visible>true</Visible>
      <Frozen>true</Frozen>
      <Position X="1.375" Y="5.75" Z="0.25" />
      <Rotation X="0" Y="0" Z="0" W="1" />
      <Scaling>1</Scaling>
      <Factory xsi:type="ProxyFactory">
        <Classname>box</Classname>
      </Factory>
    </MapNode>
    <MapNode xsi:type="MapOmniLight">
      <Visible>true</Visible>
      <Frozen>false</Frozen>
      <Position X="-8.375" Y="-3.125" Z="12.375" />
      <Rotation X="0" Y="0.258819044" Z="0" W="0.9659258" />
      <Scaling>1</Scaling>
      <Intensity>180</Intensity>
      <OuterRadius>9</OuterRadius>
      <InnerRadius>0.400000036</InnerRadius>
      <LightPreset>CRTScreenCool</LightPreset>
      <LightStyle>Flourescent1</LightStyle>
      <Ambient>false</Ambient>
      <LightColor R="255" G="255" B="255" A="255" />
      <LightIntensity>100</LightIntensity>
    </MapNode>
    <MapNode xsi:type="MapEntity">
      <Visible>true</Visible>
      <Frozen>false</Frozen>
      <Position X="-2.5" Y="0" Z="-5.5" />
      <Rotation X="0" Y="0" Z="0" W="1" />
      <Scaling>1</Scaling>
      <Factory xsi:type="ProxyFactory">
        <Classname>box</Classname>
      </Factory>
    </MapNode>
    <MapNode xsi:type="MapEntity">
      <Visible>true</Visible>
      <Frozen>false</Frozen>
      <Position X="-5.75" Y="0" Z="-5.5" />
      <Rotation X="0" Y="0" Z="0" W="1" />
      <Scaling>1</Scaling>
      <TargetName />
      <Factory xsi:type="ProxyFactory">
        <Classname>box</Classname>
      </Factory>
    </MapNode>
    <MapNode xsi:type="MapEntity">
      <Visible>true</Visible>
      <Frozen>false</Frozen>
      <Position X="0" Y="1.875" Z="-5.5" />
      <Rotation X="0" Y="0" Z="0" W="1" />
      <Scaling>1</Scaling>
      <TargetName>q`xsxs`q</TargetName>
      <Factory xsi:type="ProxyFactory">
        <Classname>box</Classname>
      </Factory>
    </MapNode>
    <MapNode xsi:type="MapEntity">
      <Visible>true</Visible>
      <Frozen>false</Frozen>
      <Position X="-2.5" Y="1.875" Z="-5.5" />
      <Rotation X="0" Y="0" Z="0" W="1" />
      <Scaling>1</Scaling>
      <TargetName>xsxsxsxs`q</TargetName>
      <Factory xsi:type="ProxyFactory">
        <Classname>box</Classname>
      </Factory>
    </MapNode>
    <MapNode xsi:type="MapSpotLight">
      <Visible>true</Visible>
      <Frozen>false</Frozen>
      <Position X="0.125" Y="-1.875" Z="9" />
      <Rotation X="0" Y="-0.866025567" Z="0" W="0.5" />
      <Scaling>1</Scaling>
      <Intensity>70</Intensity>
      <OuterRadius>45</OuterRadius>
      <InnerRadius>1</InnerRadius>
      <NearPlane>3</NearPlane>
      <FarPlane>14</FarPlane>
      <FovVertical>45</FovVertical>
      <FovHorizontal>45</FovHorizontal>
      <SpotMaskName />
      <LodBias>3</LodBias>
      <PenumbraAngle>20</PenumbraAngle>
      <LightPreset>XenonShortArcLamp</LightPreset>
      <LightStyle>Flourescent1</LightStyle>
      <DepthBias>-0</DepthBias>
      <SlopeBias>4</SlopeBias>
    </MapNode>
  </Nodes>
</Map>