<?xml version="1.0" encoding="utf-8"?>
<Map xmlns:xsd="http://www.w3.org/2001/XMLSchema" xmlns:xsi="http://www.w3.org/2001/XMLSchema-instance">
  <Environment>
    <Gravity>16</Gravity>
    <SkyTrubidity>8</SkyTrubidity>
    <SunPosition X="0.3" Y="0.7" Z="1.1" />
    <SunIntensity>0</SunIntensity>
    <FogDensity>0.0001</FogDensity>
    <CharacterHeight>2</CharacterHeight>
    <CharacterSize>1.2</CharacterSize>
    <WalkableSlope>45</WalkableSlope>
    <StepHeight>45</StepHeight>
    <RecastCellHeight>0.25</RecastCellHeight>
    <RecastCellSize>0.25</RecastCellSize>
    <IrradianceVolume>
      <Minimum X="-64" Y="-8" Z="-64" />
      <Maximum X="64" Y="32" Z="64" />
    </IrradianceVolume>
  </Environment>
  <Nodes>
    <MapNode xsi:type="MapEntity">
      <Visible>true</Visible>
      <Frozen>false</Frozen>
      <Position X="3.10900354" Y="0.23954381" Z="-2.2980957" />
      <Rotation X="-0.527784348" Y="-0.470616132" Z="0.471099973" W="-0.5272845" />
      <Scaling>1</Scaling>
      <TargetName>box1</TargetName>
      <Factory xsi:type="ProxyFactory">
        <Classname>box</Classname>
      </Factory>
    </MapNode>
    <MapNode xsi:type="MapModel">
      <Visible>true</Visible>
      <Frozen>false</Frozen>
      <Position X="0" Y="0" Z="0" />
      <Rotation X="0" Y="0" Z="0" W="1" />
      <Scaling>1</Scaling>
      <ScenePath>scenes\baseRooms\base01_01.fbx</ScenePath>
      <Scale>1</Scale>
      <Color Red="10" Green="10" Blue="10" Alpha="1" />
    </MapNode>
    <MapNode xsi:type="MapEntity">
      <Visible>true</Visible>
      <Frozen>false</Frozen>
      <Position X="-20" Y="-0.125" Z="-4" />
      <Rotation X="0.705067" Y="-0.709140539" Z="0.000280940119" W="0.0003386369" />
      <Scaling>1</Scaling>
      <Factory xsi:type="ProxyFactory">
        <Classname>box</Classname>
      </Factory>
    </MapNode>
    <MapNode xsi:type="MapEntity">
      <Visible>true</Visible>
      <Frozen>false</Frozen>
      <Position X="-19.9099159" Y="0.322605729" Z="0.5784911" />
      <Rotation X="0.01739119" Y="0.0176006779" Z="-0.707162559" W="-0.706617951" />
      <Scaling>1</Scaling>
      <Factory xsi:type="ProxyFactory">
        <Classname>box</Classname>
      </Factory>
    </MapNode>
    <MapNode xsi:type="MapEntity">
      <Visible>true</Visible>
      <Frozen>false</Frozen>
      <Position X="-20.0208549" Y="0.2374011" Z="1.38432348" />
      <Rotation X="-0.00322891469" Y="0.165787548" Z="-0.00117997616" W="0.9861555" />
      <Scaling>1</Scaling>
      <Factory xsi:type="ProxyFactory">
        <Classname>box</Classname>
      </Factory>
    </MapNode>
    <MapNode xsi:type="MapEntity">
      <Visible>true</Visible>
      <Frozen>false</Frozen>
      <Position X="-20" Y="0.25" Z="2.625" />
      <Rotation X="-0.0003156831" Y="0.07576913" Z="-3.137134E-05" W="0.9971253" />
      <Scaling>1</Scaling>
      <Factory xsi:type="ProxyFactory">
        <Classname>box</Classname>
      </Factory>
    </MapNode>
    <MapNode xsi:type="MapEntity">
      <Visible>true</Visible>
      <Frozen>false</Frozen>
      <Position X="-20.0601044" Y="0.4306129" Z="-0.09879603" />
      <Rotation X="0.2539526" Y="-0.3034913" Z="-0.513289154" W="-0.76153487" />
      <Scaling>1</Scaling>
      <Factory xsi:type="ProxyFactory">
        <Classname>box</Classname>
      </Factory>
    </MapNode>
    <MapNode xsi:type="MapEntity">
      <Visible>true</Visible>
      <Frozen>false</Frozen>
      <Position X="-19.9220562" Y="0.7279438" Z="1.06701934" />
      <Rotation X="0.5834801" Y="0.0195221025" Z="0.05177059" W="0.810240448" />
      <Scaling>1</Scaling>
      <Factory xsi:type="ProxyFactory">
        <Classname>box</Classname>
      </Factory>
    </MapNode>
    <MapNode xsi:type="MapEntity">
      <Visible>true</Visible>
      <Frozen>false</Frozen>
      <Position X="-19.9507542" Y="0.238596216" Z="2.03786421" />
      <Rotation X="-4.142473E-05" Y="0.0465818755" Z="2.434196E-05" W="0.9989145" />
      <Scaling>1</Scaling>
      <Factory xsi:type="ProxyFactory">
        <Classname>box</Classname>
      </Factory>
    </MapNode>
    <MapNode xsi:type="MapEntity">
      <Visible>true</Visible>
      <Frozen>false</Frozen>
      <Position X="-19.1954632" Y="0.239328146" Z="0.0803797543" />
      <Rotation X="5.51096662E-07" Y="-0.810370862" Z="-1.55707176E-06" W="-0.5859173" />
      <Scaling>1</Scaling>
      <Factory xsi:type="ProxyFactory">
        <Classname>box</Classname>
      </Factory>
    </MapNode>
    <MapNode xsi:type="MapEntity">
      <Visible>true</Visible>
      <Frozen>false</Frozen>
      <Position X="-20.00454" Y="0.727692068" Z="1.77995777" />
      <Rotation X="0.03712493" Y="0.000276401261" Z="0.9993106" W="0.000140563352" />
      <Scaling>1</Scaling>
      <Factory xsi:type="ProxyFactory">
        <Classname>box</Classname>
      </Factory>
    </MapNode>
    <MapNode xsi:type="MapDecal">
      <Visible>true</Visible>
      <Frozen>false</Frozen>
      <Position X="-20" Y="0" Z="3" />
      <Rotation X="0.5609855" Y="0.430459321" Z="0.430459321" W="-0.5609855" />
      <Scaling>1</Scaling>
      <ImageName>blood1</ImageName>
      <Width>3</Width>
      <Height>3</Height>
      <Depth>0.25</Depth>
      <Emission Red="0" Green="0" Blue="0" Alpha="0" />
      <BaseColor R="98" G="16" B="4" A="255" />
      <Roughness>0.05</Roughness>
      <Metallic>0.5</Metallic>
      <ColorFactor>1</ColorFactor>
      <SpecularFactor>1</SpecularFactor>
      <NormalMapFactor>0</NormalMapFactor>
      <FalloffFactor>10</FalloffFactor>
    </MapNode>
    <MapNode xsi:type="MapDecal">
      <Visible>true</Visible>
      <Frozen>false</Frozen>
      <Position X="-19" Y="0" Z="0" />
      <Rotation X="0.683012664" Y="-0.1830127" Z="-0.1830127" W="-0.683012664" />
      <Scaling>1</Scaling>
      <ImageName>blood3</ImageName>
      <Width>3</Width>
      <Height>3</Height>
      <Depth>0.25</Depth>
      <Emission Red="0" Green="0" Blue="0" Alpha="0" />
      <BaseColor R="98" G="16" B="4" A="255" />
      <Roughness>0.02</Roughness>
      <Metallic>0.5</Metallic>
      <ColorFactor>1</ColorFactor>
      <SpecularFactor>1</SpecularFactor>
      <NormalMapFactor>0</NormalMapFactor>
      <FalloffFactor>10</FalloffFactor>
    </MapNode>
    <MapNode xsi:type="MapEntity">
      <Visible>true</Visible>
      <Frozen>false</Frozen>
      <Position X="6" Y="0" Z="6" />
      <Rotation X="0" Y="0.6087614" Z="0" W="0.7933533" />
      <Scaling>1</Scaling>
      <Factory xsi:type="StartPointFactory">
        <StartPointType>SinglePlayer</StartPointType>
      </Factory>
    </MapNode>
    <MapNode xsi:type="MapDecal">
      <Visible>true</Visible>
      <Frozen>false</Frozen>
      <Position X="0.875" Y="0" Z="-4.125" />
      <Rotation X="-5.96046448E-08" Y="0.7071067" Z="0.7071067" W="5.96046448E-08" />
      <Scaling>1</Scaling>
      <ImageName>mipTest</ImageName>
      <Width>1</Width>
      <Height>1</Height>
      <Depth>0.25</Depth>
      <Emission Red="0" Green="0" Blue="0" Alpha="0" />
      <BaseColor R="98" G="16" B="4" A="255" />
      <Roughness>0.05</Roughness>
      <Metallic>0.5</Metallic>
      <ColorFactor>1</ColorFactor>
      <SpecularFactor>1</SpecularFactor>
      <NormalMapFactor>0</NormalMapFactor>
      <FalloffFactor>10</FalloffFactor>
    </MapNode>
    <MapNode xsi:type="MapEntity">
      <Visible>true</Visible>
      <Frozen>false</Frozen>
      <Position X="-6.125" Y="0.25" Z="-3.875" />
      <Rotation X="1.1457967E-05" Y="-0.524464846" Z="-1.87389614E-05" W="-0.8514321" />
      <Scaling>1</Scaling>
      <Factory xsi:type="ProxyFactory">
        <Classname>box</Classname>
      </Factory>
    </MapNode>
    <MapNode xsi:type="MapEntity">
      <Visible>true</Visible>
      <Frozen>false</Frozen>
      <Position X="-5.875" Y="0.249988511" Z="-6.625" />
      <Rotation X="1.02423155E-05" Y="-0.524464846" Z="-1.35575665E-05" W="-0.8514321" />
      <Scaling>1</Scaling>
      <Factory xsi:type="ProxyFactory">
        <Classname>box</Classname>
      </Factory>
    </MapNode>
    <MapNode xsi:type="MapDecal">
      <Visible>true</Visible>
      <Frozen>false</Frozen>
      <Position X="0.125" Y="0" Z="-6" />
      <Rotation X="-0.7071067" Y="-2.98023224E-08" Z="-2.98023224E-08" W="0.7071067" />
      <Scaling>1</Scaling>
      <ImageName>blood1</ImageName>
      <Width>2</Width>
      <Height>2</Height>
      <Depth>0.25</Depth>
      <Emission Red="0" Green="0" Blue="0" Alpha="0" />
      <BaseColor R="98" G="16" B="4" A="255" />
      <Roughness>0.05</Roughness>
      <Metallic>0.5</Metallic>
      <ColorFactor>1</ColorFactor>
      <SpecularFactor>1</SpecularFactor>
      <NormalMapFactor>0</NormalMapFactor>
      <FalloffFactor>10</FalloffFactor>
    </MapNode>
    <MapNode xsi:type="MapDecal">
      <Visible>true</Visible>
      <Frozen>false</Frozen>
      <Position X="-3" Y="0" Z="-6" />
      <Rotation X="0.270598" Y="0.65328145" Z="0.65328145" W="-0.270598" />
      <Scaling>1</Scaling>
      <ImageName>blood3</ImageName>
      <Width>2</Width>
      <Height>2</Height>
      <Depth>0.25</Depth>
      <Emission Red="0" Green="0" Blue="0" Alpha="0" />
      <BaseColor R="98" G="16" B="4" A="255" />
      <Roughness>0.01</Roughness>
      <Metallic>0.5</Metallic>
      <ColorFactor>1</ColorFactor>
      <SpecularFactor>1</SpecularFactor>
      <NormalMapFactor>0</NormalMapFactor>
      <FalloffFactor>10</FalloffFactor>
    </MapNode>
    <MapNode xsi:type="MapDecal">
      <Visible>true</Visible>
      <Frozen>false</Frozen>
      <Position X="-1" Y="0" Z="-8" />
      <Rotation X="-0.270598" Y="0.270597965" Z="0.653281331" W="0.65328145" />
      <Scaling>1</Scaling>
      <ImageName>blood1</ImageName>
      <Width>2</Width>
      <Height>2</Height>
      <Depth>2</Depth>
      <Emission Red="0" Green="0" Blue="0" Alpha="0" />
      <BaseColor R="98" G="16" B="4" A="255" />
      <Roughness>0.05</Roughness>
      <Metallic>0.5</Metallic>
      <ColorFactor>1</ColorFactor>
      <SpecularFactor>1</SpecularFactor>
      <NormalMapFactor>1</NormalMapFactor>
      <FalloffFactor>10</FalloffFactor>
    </MapNode>
    <MapNode xsi:type="MapDecal">
      <Visible>true</Visible>
      <Frozen>false</Frozen>
      <Position X="-2" Y="0" Z="-4" />
      <Rotation X="-0.49999997" Y="0.49999997" Z="0.49999997" W="0.49999997" />
      <Scaling>1</Scaling>
      <ImageName>mipTest</ImageName>
      <Width>2</Width>
      <Height>2</Height>
      <Depth>0.25</Depth>
      <Emission Red="0" Green="0" Blue="0" Alpha="0" />
      <BaseColor R="98" G="16" B="4" A="255" />
      <Roughness>0.1</Roughness>
      <Metallic>0</Metallic>
      <ColorFactor>0</ColorFactor>
      <SpecularFactor>1</SpecularFactor>
      <NormalMapFactor>0.5</NormalMapFactor>
      <FalloffFactor>10</FalloffFactor>
    </MapNode>
    <MapNode xsi:type="MapOmniLight">
      <Visible>true</Visible>
      <Frozen>false</Frozen>
      <Position X="-14" Y="2" Z="-14" />
      <Rotation X="0" Y="0" Z="0" W="1" />
      <Scaling>1</Scaling>
      <Intensity>500</Intensity>
      <Radius>5</Radius>
      <LightPreset>IncandescentStandard</LightPreset>
      <LightStyle>SlowPulse</LightStyle>
    </MapNode>
    <MapNode xsi:type="MapOmniLight">
      <Visible>true</Visible>
      <Frozen>false</Frozen>
      <Position X="-14" Y="2" Z="-22" />
      <Rotation X="0" Y="0" Z="0" W="1" />
      <Scaling>1</Scaling>
      <Intensity>500</Intensity>
      <Radius>5</Radius>
      <LightPreset>IncandescentStandard</LightPreset>
      <LightStyle>Flicker</LightStyle>
    </MapNode>
    <MapNode xsi:type="MapEntity">
      <Visible>true</Visible>
      <Frozen>false</Frozen>
      <Position X="-1.875" Y="4.625" Z="0.25" />
      <Rotation X="-0.001448727" Y="-0.996168" Z="-0.00165452983" W="-0.08743264" />
      <Scaling>1</Scaling>
      <TargetName>box1</TargetName>
      <Factory xsi:type="ProxyFactory">
        <Classname>box</Classname>
      </Factory>
    </MapNode>
    <MapNode xsi:type="MapEntity">
      <Visible>true</Visible>
      <Frozen>false</Frozen>
      <Position X="1.25501454" Y="0.23953566" Z="-2.28452277" />
      <Rotation X="-0.5741003" Y="-0.412536621" Z="0.412144661" W="-0.5747687" />
      <Scaling>1</Scaling>
      <TargetName>box1</TargetName>
      <Factory xsi:type="ProxyFactory">
        <Classname>box</Classname>
      </Factory>
    </MapNode>
    <MapNode xsi:type="MapEntity">
      <Visible>true</Visible>
      <Frozen>false</Frozen>
      <Position X="7.5" Y="1.5" Z="-7.5" />
      <Rotation X="0.0002601187" Y="-0.89446497" Z="0.000429152249" W="0.447137773" />
      <Scaling>1</Scaling>
      <TargetName>box1</TargetName>
      <Factory xsi:type="ProxyFactory">
        <Classname>box</Classname>
      </Factory>
    </MapNode>
    <MapNode xsi:type="MapEntity">
      <Visible>true</Visible>
      <Frozen>false</Frozen>
      <Position X="-22.363575" Y="0.2373129" Z="-1.8907373" />
      <Rotation X="0.45654273" Y="-0.5397681" Z="-0.5403093" W="-0.456382453" />
      <Scaling>1</Scaling>
      <Factory xsi:type="ProxyFactory">
        <Classname>box</Classname>
      </Factory>
    </MapNode>
    <MapNode xsi:type="MapEntity">
      <Visible>true</Visible>
      <Frozen>false</Frozen>
      <Position X="-19.8697815" Y="1.078486" Z="0.464818954" />
      <Rotation X="0.263588667" Y="-0.224030986" Z="-0.684309244" W="-0.641912758" />
      <Scaling>1</Scaling>
      <Factory xsi:type="ProxyFactory">
        <Classname>box</Classname>
      </Factory>
    </MapNode>
    <MapNode xsi:type="MapEntity">
      <Visible>true</Visible>
      <Frozen>false</Frozen>
      <Position X="-20.0059242" Y="1.26436734" Z="1.40855742" />
      <Rotation X="0.0277126562" Y="0.15395689" Z="0.0585698672" W="0.9859507" />
      <Scaling>1</Scaling>
      <Factory xsi:type="ProxyFactory">
        <Classname>box</Classname>
      </Factory>
    </MapNode>
    <MapNode xsi:type="MapEntity">
      <Visible>true</Visible>
      <Frozen>false</Frozen>
      <Position X="-19.9581413" Y="1.048359" Z="-0.30436033" />
      <Rotation X="0.5519757" Y="-0.7132474" Z="-0.206804082" W="-0.379253119" />
      <Scaling>1</Scaling>
      <Factory xsi:type="ProxyFactory">
        <Classname>box</Classname>
      </Factory>
    </MapNode>
    <MapNode xsi:type="MapEntity">
      <Visible>true</Visible>
      <Frozen>false</Frozen>
      <Position X="-19.9722462" Y="0.728419244" Z="2.3166337" />
      <Rotation X="0.705878854" Y="0.0246550757" Z="-0.0241525061" W="0.7074912" />
      <Scaling>1</Scaling>
      <Factory xsi:type="ProxyFactory">
        <Classname>box</Classname>
      </Factory>
    </MapNode>
    <MapNode xsi:type="MapEntity">
      <Visible>true</Visible>
      <Frozen>false</Frozen>
      <Position X="-0.75" Y="1.375" Z="1.25" />
      <Rotation X="0" Y="0" Z="0" W="1" />
      <Scaling>1</Scaling>
      <Factory xsi:type="FuncFXFactory">
        <FX>smoke</FX>
        <FXMode>Persistent</FXMode>
        <Once>false</Once>
        <Start>true</Start>
        <MinInterval>1</MinInterval>
        <MaxInterval>1</MaxInterval>
      </Factory>
    </MapNode>
    <MapNode xsi:type="MapOmniLight">
      <Visible>true</Visible>
      <Frozen>false</Frozen>
      <Position X="-24.375" Y="1.375" Z="3.625" />
      <Rotation X="0" Y="0" Z="0" W="1" />
      <Scaling>1</Scaling>
      <Intensity>50</Intensity>
      <Radius>2</Radius>
      <LightPreset>IncandescentStandard</LightPreset>
      <LightStyle>Default</LightStyle>
    </MapNode>
    <MapNode xsi:type="MapEntity">
      <Visible>true</Visible>
      <Frozen>false</Frozen>
      <Position X="-22.37556" Y="0.7226878" Z="-1.87476623" />
      <Rotation X="0.456601769" Y="-0.5395328" Z="-0.5405566" W="-0.456309" />
      <Scaling>1</Scaling>
      <Factory xsi:type="ProxyFactory">
        <Classname>box</Classname>
      </Factory>
    </MapNode>
    <MapNode xsi:type="MapEntity">
      <Visible>true</Visible>
      <Frozen>false</Frozen>
      <Position X="-22.37623" Y="1.20953369" Z="-1.87464106" />
      <Rotation X="0.456599385" Y="-0.53954494" Z="-0.5405626" W="-0.456289738" />
      <Scaling>1</Scaling>
      <Factory xsi:type="ProxyFactory">
        <Classname>box</Classname>
      </Factory>
    </MapNode>
    <MapNode xsi:type="MapEntity">
      <Visible>true</Visible>
      <Frozen>false</Frozen>
      <Position X="-22.38264" Y="1.6979295" Z="-1.87483168" />
      <Rotation X="0.456733257" Y="-0.539346" Z="-0.5406104" W="-0.4563343" />
      <Scaling>1</Scaling>
      <Factory xsi:type="ProxyFactory">
        <Classname>box</Classname>
      </Factory>
    </MapNode>
    <MapNode xsi:type="MapSpotLight">
      <Visible>true</Visible>
      <Frozen>false</Frozen>
      <Position X="-25.125" Y="5.625" Z="-2.125" />
      <Rotation X="0.6532815" Y="-0.270598024" Z="-0.653281331" W="-0.270597965" />
      <Scaling>1</Scaling>
      <Intensity>100</Intensity>
      <Radius>15</Radius>
      <NearPlane>0.125</NearPlane>
      <FarPlane>15</FarPlane>
      <FovVertical>45</FovVertical>
      <FovHorizontal>45</FovHorizontal>
      <SpotShape>Square</SpotShape>
      <LodBias>0</LodBias>
      <PenumbraAngle>10</PenumbraAngle>
      <LightPreset>FluorescentTubular</LightPreset>
      <LightStyle>Default</LightStyle>
      <DepthBias>0</DepthBias>
      <SlopeBias>0</SlopeBias>
    </MapNode>
    <MapNode xsi:type="MapEntity">
      <Visible>true</Visible>
      <Frozen>false</Frozen>
      <Position X="-22.375" Y="0.25" Z="-2.75" />
      <Rotation X="0.5808287" Y="-0.4032555" Z="-0.40373674" W="-0.580533862" />
      <Scaling>1</Scaling>
      <Factory xsi:type="ProxyFactory">
        <Classname>box</Classname>
      </Factory>
    </MapNode>
    <MapNode xsi:type="MapEntity">
      <Visible>true</Visible>
      <Frozen>false</Frozen>
      <Position X="-22.375" Y="0.75" Z="-2.75" />
      <Rotation X="0.456601769" Y="-0.5395328" Z="-0.5405566" W="-0.456309" />
      <Scaling>1</Scaling>
      <Factory xsi:type="ProxyFactory">
        <Classname>box</Classname>
      </Factory>
    </MapNode>
    <MapNode xsi:type="MapEntity">
      <Visible>true</Visible>
      <Frozen>false</Frozen>
      <Position X="-22.375" Y="1.25" Z="-2.75" />
      <Rotation X="0.456599385" Y="-0.53954494" Z="-0.5405626" W="-0.456289738" />
      <Scaling>1</Scaling>
      <Factory xsi:type="ProxyFactory">
        <Classname>box</Classname>
      </Factory>
    </MapNode>
    <MapNode xsi:type="MapEntity">
      <Visible>true</Visible>
      <Frozen>false</Frozen>
      <Position X="-22.375" Y="1.75" Z="-2.75" />
      <Rotation X="0.456733257" Y="-0.539346" Z="-0.5406104" W="-0.4563343" />
      <Scaling>1</Scaling>
      <Factory xsi:type="ProxyFactory">
        <Classname>box</Classname>
      </Factory>
    </MapNode>
    <MapNode xsi:type="MapEntity">
      <Visible>true</Visible>
      <Frozen>false</Frozen>
      <Position X="-22.375" Y="0.25" Z="-1.125" />
      <Rotation X="0.45654273" Y="-0.5397681" Z="-0.5403093" W="-0.456382453" />
      <Scaling>1</Scaling>
      <Factory xsi:type="ProxyFactory">
        <Classname>box</Classname>
      </Factory>
    </MapNode>
    <MapNode xsi:type="MapEntity">
      <Visible>true</Visible>
      <Frozen>false</Frozen>
      <Position X="-22.375" Y="0.75" Z="-1.125" />
      <Rotation X="0.456601769" Y="-0.5395328" Z="-0.5405566" W="-0.456309" />
      <Scaling>1</Scaling>
      <Factory xsi:type="ProxyFactory">
        <Classname>box</Classname>
      </Factory>
    </MapNode>
    <MapNode xsi:type="MapEntity">
      <Visible>true</Visible>
      <Frozen>false</Frozen>
      <Position X="-22.375" Y="1.25" Z="-1.125" />
      <Rotation X="0.456599385" Y="-0.53954494" Z="-0.5405626" W="-0.456289738" />
      <Scaling>1</Scaling>
      <Factory xsi:type="ProxyFactory">
        <Classname>box</Classname>
      </Factory>
    </MapNode>
    <MapNode xsi:type="MapEntity">
      <Visible>true</Visible>
      <Frozen>false</Frozen>
      <Position X="-22.375" Y="1.75" Z="-1.125" />
      <Rotation X="0.456733257" Y="-0.539346" Z="-0.5406104" W="-0.4563343" />
      <Scaling>1</Scaling>
      <Factory xsi:type="ProxyFactory">
        <Classname>box</Classname>
      </Factory>
    </MapNode>
    <MapNode xsi:type="MapOmniLight">
      <Visible>true</Visible>
      <Frozen>false</Frozen>
      <Position X="-18.25" Y="5" Z="0.875" />
      <Rotation X="0" Y="0" Z="0" W="1" />
      <Scaling>1</Scaling>
      <Intensity>2</Intensity>
      <Radius>15</Radius>
      <LightPreset>Moonlight</LightPreset>
      <LightStyle>Default</LightStyle>
    </MapNode>
    <MapNode xsi:type="MapEntity">
      <Visible>true</Visible>
      <Frozen>false</Frozen>
      <Position X="-18.25" Y="1.375" Z="1.25" />
      <Rotation X="0" Y="0" Z="0" W="1" />
      <Scaling>1</Scaling>
      <Factory xsi:type="FuncFXFactory">
        <FX>smoke</FX>
        <FXMode>Persistent</FXMode>
        <Once>false</Once>
        <Start>true</Start>
        <MinInterval>1</MinInterval>
        <MaxInterval>1</MaxInterval>
      </Factory>
    </MapNode>
    <MapNode xsi:type="MapEntity">
      <Visible>true</Visible>
      <Frozen>false</Frozen>
      <Position X="-23" Y="0.75" Z="4.75" />
      <Rotation X="0" Y="0" Z="0" W="1" />
      <Scaling>1</Scaling>
      <Factory xsi:type="FuncFXFactory">
        <FX>smoke</FX>
        <FXMode>Persistent</FXMode>
        <Once>false</Once>
        <Start>true</Start>
        <MinInterval>1</MinInterval>
        <MaxInterval>1</MaxInterval>
      </Factory>
    </MapNode>
    <MapNode xsi:type="MapEntity">
      <Visible>true</Visible>
      <Frozen>false</Frozen>
      <Position X="-24.25" Y="0.75" Z="4.75" />
      <Rotation X="0" Y="0" Z="0" W="1" />
      <Scaling>1</Scaling>
      <Factory xsi:type="FuncFXFactory">
        <FX>smoke</FX>
        <FXMode>Persistent</FXMode>
        <Once>false</Once>
        <Start>true</Start>
        <MinInterval>1</MinInterval>
        <MaxInterval>1</MaxInterval>
      </Factory>
    </MapNode>
    <MapNode xsi:type="MapEntity">
      <Visible>true</Visible>
      <Frozen>false</Frozen>
      <Position X="-1.375" Y="4.625" Z="0.875" />
      <Rotation X="1.40135289E-05" Y="-0.9965565" Z="-5.32898048E-06" W="-0.0829162449" />
      <Scaling>1</Scaling>
      <TargetName>box1</TargetName>
      <Factory xsi:type="ProxyFactory">
        <Classname>box</Classname>
      </Factory>
    </MapNode>
    <MapNode xsi:type="MapEntity">
      <Visible>true</Visible>
      <Frozen>false</Frozen>
      <Position X="-1.75" Y="4.625" Z="1.875" />
      <Rotation X="1.62255874E-05" Y="-0.90281105" Z="-2.43950726E-05" W="-0.4300374" />
      <Scaling>1</Scaling>
      <TargetName>box1</TargetName>
      <Factory xsi:type="ProxyFactory">
        <Classname>box</Classname>
      </Factory>
    </MapNode>
    <MapNode xsi:type="MapEntity">
      <Visible>true</Visible>
      <Frozen>false</Frozen>
      <Position X="-1.625" Y="4.625" Z="2.75" />
      <Rotation X="0.0006212695" Y="-0.961555" Z="-0.00214171316" W="-0.274603456" />
      <Scaling>1</Scaling>
      <TargetName>box1</TargetName>
      <Factory xsi:type="ProxyFactory">
        <Classname>box</Classname>
      </Factory>
    </MapNode>
    <MapNode xsi:type="MapEntity">
      <Visible>true</Visible>
      <Frozen>false</Frozen>
      <Position X="-1.375" Y="5.625" Z="2.25" />
      <Rotation X="0.00037365043" Y="-0.9647632" Z="0.00137787382" W="0.263115823" />
      <Scaling>1</Scaling>
      <TargetName>box1</TargetName>
      <Factory xsi:type="ProxyFactory">
        <Classname>box</Classname>
      </Factory>
    </MapNode>
    <MapNode xsi:type="MapEntity">
      <Visible>true</Visible>
      <Frozen>false</Frozen>
      <Position X="-2" Y="5.5" Z="1.625" />
      <Rotation X="0.747337937" Y="-0.000123272446" Z="-0.6644441" W="0.0002327096" />
      <Scaling>1</Scaling>
      <TargetName>box1</TargetName>
      <Factory xsi:type="ProxyFactory">
        <Classname>box</Classname>
      </Factory>
    </MapNode>
    <MapNode xsi:type="MapEntity">
      <Visible>true</Visible>
      <Frozen>false</Frozen>
      <Position X="-18.375" Y="1.375" Z="1.625" />
      <Rotation X="0" Y="0" Z="0" W="1" />
      <Scaling>1</Scaling>
      <Factory xsi:type="FuncFXFactory">
        <FX>smoke</FX>
        <FXMode>Persistent</FXMode>
        <Once>false</Once>
        <Start>true</Start>
        <MinInterval>1</MinInterval>
        <MaxInterval>1</MaxInterval>
      </Factory>
    </MapNode>
    <MapNode xsi:type="MapEntity">
      <Visible>true</Visible>
      <Frozen>false</Frozen>
      <Position X="-20.5" Y="1.375" Z="4.875" />
      <Rotation X="0" Y="0" Z="0" W="1" />
      <Scaling>1</Scaling>
      <Factory xsi:type="FuncFXFactory">
        <FX>smoke</FX>
        <FXMode>Persistent</FXMode>
        <Once>false</Once>
        <Start>true</Start>
        <MinInterval>1</MinInterval>
        <MaxInterval>1</MaxInterval>
      </Factory>
    </MapNode>
    <MapNode xsi:type="MapEntity">
      <Visible>true</Visible>
      <Frozen>false</Frozen>
      <Position X="-19.875" Y="1.375" Z="1.625" />
      <Rotation X="0" Y="0" Z="0" W="1" />
      <Scaling>1</Scaling>
      <Factory xsi:type="FuncFXFactory">
        <FX>smoke</FX>
        <FXMode>Persistent</FXMode>
        <Once>false</Once>
        <Start>true</Start>
        <MinInterval>1</MinInterval>
        <MaxInterval>1</MaxInterval>
      </Factory>
    </MapNode>
    <MapNode xsi:type="MapEntity">
      <Visible>true</Visible>
      <Frozen>false</Frozen>
      <Position X="-19.5" Y="1.375" Z="-0.375" />
      <Rotation X="0" Y="0" Z="0" W="1" />
      <Scaling>1</Scaling>
      <Factory xsi:type="FuncFXFactory">
        <FX>smoke</FX>
        <FXMode>Persistent</FXMode>
        <Once>false</Once>
        <Start>true</Start>
        <MinInterval>1</MinInterval>
        <MaxInterval>1</MaxInterval>
      </Factory>
    </MapNode>
    <MapNode xsi:type="MapEntity">
      <Visible>true</Visible>
      <Frozen>false</Frozen>
      <Position X="-22.5" Y="1.375" Z="-0.375" />
      <Rotation X="0" Y="0" Z="0" W="1" />
      <Scaling>1</Scaling>
      <Factory xsi:type="FuncFXFactory">
        <FX>smoke</FX>
        <FXMode>Persistent</FXMode>
        <Once>false</Once>
        <Start>true</Start>
        <MinInterval>1</MinInterval>
        <MaxInterval>1</MaxInterval>
      </Factory>
    </MapNode>
    <MapNode xsi:type="MapEntity">
      <Visible>true</Visible>
      <Frozen>false</Frozen>
      <Position X="-22.375" Y="2.375" Z="-1.875" />
      <Rotation X="0.45654273" Y="-0.5397681" Z="-0.5403093" W="-0.456382453" />
      <Scaling>1</Scaling>
      <Factory xsi:type="ProxyFactory">
        <Classname>box</Classname>
      </Factory>
    </MapNode>
    <MapNode xsi:type="MapEntity">
      <Visible>true</Visible>
      <Frozen>false</Frozen>
      <Position X="-22.375" Y="3.75" Z="-1.875" />
      <Rotation X="0.456733257" Y="-0.539346" Z="-0.5406104" W="-0.4563343" />
      <Scaling>1</Scaling>
      <Factory xsi:type="ProxyFactory">
        <Classname>box</Classname>
      </Factory>
    </MapNode>
    <MapNode xsi:type="MapEntity">
      <Visible>true</Visible>
      <Frozen>false</Frozen>
      <Position X="-22.375" Y="3.875" Z="-2.75" />
      <Rotation X="0.456733257" Y="-0.539346" Z="-0.5406104" W="-0.4563343" />
      <Scaling>1</Scaling>
      <Factory xsi:type="ProxyFactory">
        <Classname>box</Classname>
      </Factory>
    </MapNode>
    <MapNode xsi:type="MapDecal">
      <Visible>true</Visible>
      <Frozen>false</Frozen>
      <Position X="-17.75" Y="0" Z="-1" />
      <Rotation X="-0.6830127" Y="0.183012575" Z="0.183012575" W="0.6830127" />
      <Scaling>1</Scaling>
      <ImageName>blood1</ImageName>
      <Width>3</Width>
      <Height>3</Height>
      <Depth>0.25</Depth>
      <Emission Red="0" Green="0" Blue="0" Alpha="0" />
      <BaseColor R="98" G="16" B="4" A="255" />
      <Roughness>0.02</Roughness>
      <Metallic>0.5</Metallic>
      <ColorFactor>1</ColorFactor>
      <SpecularFactor>1</SpecularFactor>
      <NormalMapFactor>0</NormalMapFactor>
      <FalloffFactor>10</FalloffFactor>
    </MapNode>
    <MapNode xsi:type="MapDecal">
      <Visible>true</Visible>
      <Frozen>false</Frozen>
      <Position X="-19" Y="0" Z="5.5" />
      <Rotation X="-0.353553474" Y="0.612372339" Z="0.612372339" W="0.353553474" />
      <Scaling>1</Scaling>
      <ImageName>blood1</ImageName>
      <Width>3</Width>
      <Height>3</Height>
      <Depth>0.25</Depth>
      <Emission Red="0" Green="0" Blue="0" Alpha="0" />
      <BaseColor R="98" G="16" B="4" A="255" />
      <Roughness>0.02</Roughness>
      <Metallic>0.5</Metallic>
      <ColorFactor>1</ColorFactor>
      <SpecularFactor>1</SpecularFactor>
      <NormalMapFactor>0</NormalMapFactor>
      <FalloffFactor>10</FalloffFactor>
    </MapNode>
    <MapNode xsi:type="MapSpotLight">
      <Visible>true</Visible>
      <Frozen>false</Frozen>
      <Position X="-25.625" Y="5.625" Z="4" />
      <Rotation X="0.6532815" Y="-0.270598024" Z="-0.653281331" W="-0.270597965" />
      <Scaling>1</Scaling>
      <Intensity>100</Intensity>
      <Radius>15</Radius>
      <NearPlane>0.125</NearPlane>
      <FarPlane>15</FarPlane>
      <FovVertical>45</FovVertical>
      <FovHorizontal>45</FovHorizontal>
      <SpotShape>Square</SpotShape>
      <LodBias>0</LodBias>
      <PenumbraAngle>10</PenumbraAngle>
      <LightPreset>FluorescentTubular</LightPreset>
      <LightStyle>Default</LightStyle>
      <DepthBias>0.0009765625</DepthBias>
      <SlopeBias>2</SlopeBias>
    </MapNode>
  </Nodes>
</Map>