//----------------------------------------------------------------------
//	Name :		"Sawblade symphony"
//	Goal : 		
//	Author : 	Demiurg-HG
//----------------------------------------------------------------------

progress	15;

//with ITEM_HEALTH
//	set	number	"200";
//endwith
//
//with PLAYER
//	set	max_health		"2500";
//	set	weapon			"WEAPON5";
//	set	team			"1";
//
//	set	pic_size		"3.0";
//	set	body_pic		"sprites/actors/tank_turret.tga";
//	set	body_shadow		"sprites/actors/tank_turret_shadow.tga";
//	set	legs_pic		"sprites/actors/tank_base.tga";
//	set	legs_shadow		"sprites/actors/tank_base_shadow.tga";
//	set	gun_offset		"0.45";
//	set	shadow_offset	"0.2";
//
//	set	pain_gfx		"";
//	set	pain_sound		"";
//	set	death_gfx		"TANK_EXP";
//	set	death_sound		"sound/weapons/explosion.ogg";
//	
//	set walk_anim		"0";
//	set	size			"3.5";
//	set	linear_speed	"12";
//	set	linear_accel	"12";
//	set	angular_speed	"500";
//endwith

//----------------------------------------------------------------------
//	APPEARANCE AND MAZE PARAMS :
//----------------------------------------------------------------------
mazeInit	32	16	"tiles/space02/space02";

mazeDef	S	INFO_START		1
mazeDef	F	INFO_FINISH		1
mazeDef	+	ITEM_HEALTH		1

mazeDef	a	TANK_RL		1;
mazeDef	c	TANK_PG		1;
mazeDef	A	MARINE_MG	8;

mazeDef	1	BARREL			4
mazeDef	2	BARREL_N		3
mazeDef	4	BIG_BARREL		2
mazeDef	N	BIG_BARREL		1
mazeDef	X	SOF				2
mazeDef	P	SOF_P			2
mazeDef	T	SOF_TANK		1

/////////////01234567890123456789012345678901
maze	15	"                                "
maze	14	"  **ac       *PT+*  +**1T  **A+ "
maze	13	"  *          **22*  *1**   *    "
maze	12	"  *          *4  **T4  *   *    "
maze	11	"  *****+XXT****  *P**  **4**+   "
maze	10	"  ***1*1XXT                **   "
maze	9	" 1**                       **   "
maze	8	" 4**               X    X  4+   "
maze	7	" ***1T      +      X    X  **   "
maze	6	"  ***N   *PX1N     N2X4**  **   "
maze	5	"  **    1TPXN*  ***X1X1*1***+   "
maze	4	"  **    1*  2****  *X241*****   "
maze	3	" ****a  1*  **          *       "
maze	2	" ****   1*22N1          *       "
maze	1	" a  S    ***T***F       +       "
maze	0	"                                "
/////////////01234567890123456789012345678901
                           
mazeBuild
//mazeWeather	"SNOW"
mazeWeather	"WAR_SMOKE"

setEnv	"env/stars.tga"
setFog	"sprites/null.tga" 0;

//----------------------------------------------------------------------
//	ADD SOME DIRT :
//----------------------------------------------------------------------
//				TEXTURE							Rds	%%	r	g	b	a
//----------------------------------------------------------------------
addDecal	"gfx/decals/exp_decal.tga" 			30	70 	1	1	1	0.25;
addDecal	"gfx/decals/exp_decal.tga" 			9	70 	1	1	1	0.30;
addDecal	"gfx/decals/exp_decal.tga" 			2	50 	1	1	1	0.50;
addDecal	"gfx/decals/plasma_decal.tga" 		5	100	1	1	1	0.70;
addDecal	"gfx/decals/blood0.tga" 			4	30 	1	1	1	0.30;
addDecal	"gfx/decals/blood1.tga" 			4	30 	1	1	1	0.30;
addDecal	"gfx/decals/blood2.tga" 			4	30 	1	1	1	0.30;
addDecal	"gfx/decals/blood3.tga" 			4	30 	1	1	1	0.30;


//----------------------------------------------------------------------
//	ADD BRIEFING :
//----------------------------------------------------------------------

exitCriteria	"kill" "ALL" "all";
nextLevel 		"level15";

briefingCreate 	"1";
briefingTime	"1" "10000";
briefingImage	"1" "ui/space.jpg";
briefingText	"1" "15. Betrayer";
briefingText	"1" "";
briefingText	"1" "Colonel Sharapov: Overmind was eliminated.";
briefingText	"1" "Reinforcement has arrived. Ground Control operated always on proper time...";
briefingText	"1" "What? New reinforcement? Who are they?";
briefingText	"1" "";
briefingText	"1" "Special Operation Forces: We are acting on behalf of the New Earth Government."
briefingText	"1" "Drop your weapon.";
briefingText	"1" "You are charged with illegal entry into a scientific station, the destruction of private property";
briefingText	"1" "and the disclosure of confidential data. ";
briefingText	"1" "You are sentenced to capital punishment. Sentence is to be executed immediately.";
briefingText	"1" "";
                
briefingTime	"DEAD" "10000";
briefingImage	"DEAD" "ui/failed.jpg";
briefingText	"DEAD" "";

briefingTime	"WIN" "10000";
briefingImage	"WIN" "ui/success.jpg";
briefingText	"WIN" "";

               

//----------------------------------------------------------------------
//	GIVE ITEMS TO PLAYER
//	delay 500 is necessary!!!
//----------------------------------------------------------------------
delay 500 "give WEAPON5 1;";
delay 500 "give WEAPON6 1;";
delay 500 "give WEAPON7 1;";

delay 500 "give WEAPON5_AMMO 100;";
delay 500 "give WEAPON6_AMMO 200;";
delay 500 "give WEAPON7_AMMO 100;";

delay 100 "stop_music;";
// delay 100 "play_music \"music/level.ogg\";";
