//----------------------------------------------------------------------
//	Name :		"First strike"
//	Goal : 		
//	Author : 	Demiurg-HG
//----------------------------------------------------------------------

//----------------------------------------------------------------------
//	APPEARANCE AND MAZE PARAMS :
//----------------------------------------------------------------------
progress	3;
mazeInit	32	16	"tiles/space02/space02";

//level.mazeGenRandom;

mazeDef	S	INFO_START		1
mazeDef	F	INFO_FINISH		1
mazeDef	+	ITEM_HEALTH	1
mazeDef	o	ITEM_CD		1
mazeDef	i	ITEM_DNA	1

mazeDef	a	MARINE			3
mazeDef	b	MARINE_SG		0
mazeDef	c	MARINE_PG		1
mazeDef	s	MARINE_SNIPER	1

mazeDef	1	BARREL			2
mazeDef	8	BARREL			6
mazeDef	2	BARREL_N		2
mazeDef	6	BARREL_N		6
mazeDef	x	ZOMBIE_MG		4
mazeDef	j	ZOMBIE_JAW		9
mazeDef	3	BIOTANK			1
mazeDef	z	MTVR_CHILD		2
mazeDef	X	BOSS_OVERMIND	0
maze	15	"                                "
maze	14	"                                "
maze	13	"                     2          "
maze	12	"    2+  +1  +  22jj  j          "
maze	11	" +1**jjzjzj*****jzj  j  jjj     "
maze	10	"  j    z      jj     jjzjFj     "
maze	9	"  z    j      *j     j  jjj     "
maze	8	" +jj   j    *8888   +j          "
maze	7	"   *   j  +*jz       j          "
maze	6	"   *   *   ***       j  1*2     "
maze	5	" a****ab   *j*6j6**j*j**jj*     "
maze	4	"  ****    +*j*61**6**j  jj2     "
maze	3	"  ****     **16**j**6*          "
maze	2	" S****ab    +  +  +  +          "
maze	1	"  a  a                          "
maze	0	"                                "
                           
mazeBuild
//mazeWeather	"SNOW"
//mazeWeather	"WAR_SMOKE"

setEnv	"env/stars.tga"
setFog	"sprites/null.tga" 0;

//----------------------------------------------------------------------
//	ADD SOME DIRT :
//----------------------------------------------------------------------
//				TEXTURE							Rds	%%	r	g	b	a
//----------------------------------------------------------------------
addDecal	"gfx/decals/exp_decal.tga" 			30	40 	1	1	1	0.15;
addDecal	"gfx/decals/exp_decal.tga" 			7	30 	1	1	1	0.30;
addDecal	"gfx/decals/exp_decal.tga" 			1	30 	1	1	1	0.50;
addDecal	"gfx/decals/plasma_decal.tga" 		5	100	1	1	1	0.70;
addDecal	"gfx/decals/blood0.tga" 			3	20 	1	1	1	0.20;
addDecal	"gfx/decals/blood1.tga" 			3	20 	1	1	1	0.20;
addDecal	"gfx/decals/blood2.tga" 			3	20 	1	1	1	0.20;
addDecal	"gfx/decals/blood3.tga" 			3	20 	1	1	1	0.20;


//----------------------------------------------------------------------
//	ADD BRIEFING :
//----------------------------------------------------------------------
exitCriteria	"reach";
nextLevel 		"level03";

briefingCreate 	"1";
briefingTime	"1" "10000";
briefingImage	"1" "ui/space.jpg";
briefingText	"1" "02. Second Encounter";
briefingText	"1" "";
briefingText	"1" "Bad news, guys.";
briefingText	"1" "We've received new order.";
briefingText	"1" "There were more bastards than we expected.";
briefingText	"1" "We have to get into the station core.";
briefingText	"1" "";


                
briefingTime	"DEAD" "10000";
briefingImage	"DEAD" "ui/failed.jpg";
briefingText	"DEAD" "";

briefingTime	"WIN" "10000";
briefingImage	"WIN" "ui/success.jpg";
briefingText	"WIN" "";

               

//----------------------------------------------------------------------
//	GIVE ITEMS TO PLAYER
//	delay 500 is necessary!!!
//----------------------------------------------------------------------
delay 500 "give WEAPON1 1;";
delay 500 "give WEAPON2 1;";
delay 500 "give WEAPON3 1;";

delay 500 "give WEAPON1_AMMO 500;";
delay 500 "give WEAPON2_AMMO 4000;";
delay 500 "give WEAPON3_AMMO 1000;";

