//----------------------------------------------------------------------
//	Name :		"Boot camp"
//	Goal : 		
//	Author : 	Demiurg-HG
//----------------------------------------------------------------------

//----------------------------------------------------------------------
//	CREATE MAZE :
//----------------------------------------------------------------------
//				W	H	tile set name
//----------------------------------------------------------------------
progress	1;
mazeInit	16	16	"tiles/space02/space02";

//----------------------------------------------------------------------
//				ch	class name	amount
//----------------------------------------------------------------------
mazeDef	S	INFO_START	1
mazeDef	F	INFO_FINISH	1
mazeDef	m	MARINE		2
mazeDef	1	BARREL		2
mazeDef	2	BARREL_N	2
mazeDef	x	ZOMBIE_JAW	2
mazeDef	b	BASE_ZOMBIE	2
mazeDef	+	ITEM_HEALTH	1
mazeDef g	ITEM_W2_AMMO	1
mazeDef h	ITEM_W3_AMMO	1

/////////////0123456789012345
maze	15	"                "
maze	14	" ***2*x*  xxx** "
maze	13	" ****x2x  x2xF* "
maze	12	" *  *2xx**x2x** "
maze	11	" *              "
maze	10	" *              "
maze	9	" *++hhh  +  +g+ "
maze	8	" *x2x**  ****** "
maze	7	" *x*x2*  *  m*m "
maze	6	" **2***b**   *  "
maze	5	"             *  "
maze	4	"             *  "
maze	3	" *g*  +  +  +*+ "
maze	2	" *S*****x****x* "
maze	1	" *g*  +  +  *** "
maze	0	"                "
/////////////0123456789012345

mazeBuild

setEnv	"env/stars.tga";
setFog	"*black" 0;

//----------------------------------------------------------------------
//	ADD SOME DIRT :
//----------------------------------------------------------------------
//				TEXTURE							Rds	%%	r	g	b	a
//----------------------------------------------------------------------
addDecal	"gfx/decals/exp_decal.tga" 		20	30 	1	1	1	0.15;
addDecal	"gfx/decals/exp_decal.tga" 		7	30 	1	1	1	0.30;
addDecal	"gfx/decals/exp_decal.tga" 		1	30 	1	1	1	0.50;
addDecal	"gfx/decals/plasma_decal.tga" 	5	100	1	1	1	0.70;
addDecal	"gfx/decals/blood0.tga" 		3	20 	1	1	1	0.20;
addDecal	"gfx/decals/blood1.tga" 		3	20 	1	1	1	0.20;
addDecal	"gfx/decals/blood2.tga" 		3	20 	1	1	1	0.20;
addDecal	"gfx/decals/blood3.tga" 		3	20 	1	1	1	0.20;


//----------------------------------------------------------------------
//	ADD BRIEFING :
//----------------------------------------------------------------------
exitCriteria	"kill" "ALL" "all training targets";
nextLevel		"level01"

briefingCreate 	"2";

briefingTime	"1" "10000";
briefingImage	"1" "ui/black.jpg";
briefingText	"1" "";
briefingText	"1" "Space station ECLIPSE was founded by the group of scientists in 2052.";
briefingText	"1" "Some most powerful governments have sponsored the establishment "
briefingText	"1" "and development of the station.";
briefingText	"1" "Station conducted space, energy and biological research,";
briefingText	"1" "created new materials, weapon and spaceships.";
briefingText	"1" "";
briefingText	"1" "In 2075 governments had united and funding was stopped.";
briefingText	"1" "Most of the projects have been frozen.";
briefingText	"1" "Several projects were transferred to private entities.";
briefingText	"1" "";
briefingText	"1" "In 2092 the Ground Control had received a SOS signal."
briefingText	"1" "Space marine squad under the command of Colonel Smith"
briefingText	"1" "was sent to the station to find out the causes of disasters "
briefingText	"1" "and eliminate of the consequences.";
briefingText	"1" "";

briefingTime	"2" "10000";
briefingImage	"2" "ui/space.jpg";
briefingText	"2" "00. Bootcamp";
briefingText	"2" "";
briefingText	"2" "Colonel Smith: Greetings, marine.";
briefingText	"2" "I`m Colonel Smith.";
briefingText	"2" "And I am in command here.";
briefingText	"2" "";
briefingText	"2" "Your objective is to eliminate";
briefingText	"2" "all training targets";
briefingText	"2" "";
briefingText	"2" "All clear?";
briefingText	"2" "Dismiss!";
briefingText	"2" "";

                
briefingTime	"DEAD" "10000";
briefingImage	"DEAD" "ui/failed.jpg";
briefingText	"DEAD" "";

briefingTime	"WIN" "10000";
briefingImage	"WIN" "ui/success.jpg";
briefingText	"WIN" "";

//----------------------------------------------------------------------
//	GIVE ITEMS TO PLAYER
//	delay 500 is necessary!
//----------------------------------------------------------------------
delay 500 "give WEAPON1 1;";
delay 500 "give WEAPON2 1;";
delay 500 "give WEAPON3 1;";

delay 500 "give WEAPON1_AMMO 20;";
delay 500 "give WEAPON2_AMMO 100;";
delay 500 "give WEAPON3_AMMO 20;";

//----------------------------------------------------------------------
//	EXTRA GAME TUNING :
//----------------------------------------------------------------------

