//----------------------------------------------------------------------
//	Name :		"Boot camp"
//	Goal : 		
//	Author : 	Demiurg-HG
//----------------------------------------------------------------------

//----------------------------------------------------------------------
//	CREATE MAZE :
//----------------------------------------------------------------------
//				W	H	tile set name
//----------------------------------------------------------------------
progress	1;
mazeInit	16	16	"tiles/space02/space02";

//----------------------------------------------------------------------
//				ch	class name	amount
//----------------------------------------------------------------------
mazeDef	S	INFO_START	1
mazeDef	F	INFO_FINISH	1
mazeDef	m	MARINE		2
mazeDef	1	BARREL		2
mazeDef	2	BARREL_N	2
mazeDef	x	ZOMBIE_JAW	2
mazeDef	b	BASE_ZOMBIE	2
mazeDef	+	ITEM_HEALTH	1
mazeDef g	ITEM_W2_AMMO	1
mazeDef h	ITEM_W3_AMMO	1

/////////////0123456789012345
maze	15	"                "
maze	14	"  "
maze	13	"  "
maze	12	"  "
maze	11	"  "
maze	10	"  "
maze	9	"  "
maze	8	"  "
maze	7	"  "
maze	6	"  "
maze	5	"  "
maze	4	" **** "
maze	3	" **** "
maze	2	" **** "
maze	1	" S**F "
maze	0	"                "
/////////////0123456789012345

mazeBuild

setEnv	"env/stars.tga";
setFog	"*black" 0;

//----------------------------------------------------------------------
//	ADD SOME DIRT :
//----------------------------------------------------------------------
//				TEXTURE							Rds	%%	r	g	b	a
//----------------------------------------------------------------------
addDecal	"gfx/decals/exp_decal.tga" 		20	30 	1	1	1	0.15;
addDecal	"gfx/decals/exp_decal.tga" 		7	30 	1	1	1	0.30;
addDecal	"gfx/decals/exp_decal.tga" 		1	30 	1	1	1	0.50;
addDecal	"gfx/decals/plasma_decal.tga" 	5	100	1	1	1	0.70;
addDecal	"gfx/decals/blood0.tga" 		3	20 	1	1	1	0.20;
addDecal	"gfx/decals/blood1.tga" 		3	20 	1	1	1	0.20;
addDecal	"gfx/decals/blood2.tga" 		3	20 	1	1	1	0.20;
addDecal	"gfx/decals/blood3.tga" 		3	20 	1	1	1	0.20;


//----------------------------------------------------------------------
//	ADD BRIEFING :
//----------------------------------------------------------------------
exitCriteria	"reach";
nextLevel		"level01"

briefingCreate 	"2";

briefingTime	"1" "100";
briefingImage	"1" "ui/space.jpg";
briefingText	"1" "E.C.L.I.P.S.E";
briefingText	"1" "E.C.L.I.P.S.E";
briefingText	"1" "E.C.L.I.P.S.E";

briefingTime	"2" "100";
briefingImage	"2" "ui/space.jpg";
briefingText	"2" "00. Bootcamp";
briefingText	"2" "Greetings, marine.";
briefingText	"2" "I`m captain Smith.";
briefingText	"2" "And I am in command here.";
briefingText	"2" "";
briefingText	"2" "Your objective is to kill";
briefingText	"2" "every single enemy and proceed to extraction point";
briefingText	"2" "";
briefingText	"2" "All clear?";
briefingText	"2" "Dismiss!";

                
briefingTime	"DEAD" "500";
briefingImage	"DEAD" "ui/failed.jpg";
briefingText	"DEAD" "";

briefingTime	"WIN" "500";
briefingImage	"WIN" "ui/success.jpg";
briefingText	"WIN" "";

//----------------------------------------------------------------------
//	GIVE ITEMS TO PLAYER
//	delay 500 is necessary!
//----------------------------------------------------------------------
delay 500 "give WEAPON1 1;";
delay 500 "give WEAPON2 1;";
delay 500 "give WEAPON3 1;";

delay 500 "give WEAPON1_AMMO 20;";
delay 500 "give WEAPON2_AMMO 100;";
delay 500 "give WEAPON3_AMMO 20;";

//----------------------------------------------------------------------
//	EXTRA GAME TUNING :
//----------------------------------------------------------------------

setMusic "music/level.ogg";
